Archive member included to satisfy reference by file (symbol)

/usr/local/arm/gcc-arm-10.3-2021.07-x86_64-arm-none-eabi/bin/../lib/gcc/arm-none-eabi/10.3.1/thumb/v7e-m+fp/hard/libgcc.a(_aeabi_uldivmod.o)
                              CMakeFiles/USB_Keyboard.elf.dir/Drivers/STM32H7xx_HAL_Driver/Src/stm32h7xx_hal_uart.c.obj (__aeabi_uldivmod)
/usr/local/arm/gcc-arm-10.3-2021.07-x86_64-arm-none-eabi/bin/../lib/gcc/arm-none-eabi/10.3.1/thumb/v7e-m+fp/hard/libgcc.a(_udivmoddi4.o)
                              /usr/local/arm/gcc-arm-10.3-2021.07-x86_64-arm-none-eabi/bin/../lib/gcc/arm-none-eabi/10.3.1/thumb/v7e-m+fp/hard/libgcc.a(_aeabi_uldivmod.o) (__udivmoddi4)
/usr/local/arm/gcc-arm-10.3-2021.07-x86_64-arm-none-eabi/bin/../lib/gcc/arm-none-eabi/10.3.1/thumb/v7e-m+fp/hard/libgcc.a(_dvmd_tls.o)
                              /usr/local/arm/gcc-arm-10.3-2021.07-x86_64-arm-none-eabi/bin/../lib/gcc/arm-none-eabi/10.3.1/thumb/v7e-m+fp/hard/libgcc.a(_aeabi_uldivmod.o) (__aeabi_ldiv0)
/usr/local/arm/gcc-arm-10.3-2021.07-x86_64-arm-none-eabi/bin/../lib/gcc/arm-none-eabi/10.3.1/../../../../arm-none-eabi/lib/thumb/v7e-m+fp/hard/libg.a(lib_a-atexit.o)
                              /usr/local/arm/gcc-arm-10.3-2021.07-x86_64-arm-none-eabi/bin/../lib/gcc/arm-none-eabi/10.3.1/../../../../arm-none-eabi/lib/thumb/v7e-m+fp/hard/crt0.o (atexit)
/usr/local/arm/gcc-arm-10.3-2021.07-x86_64-arm-none-eabi/bin/../lib/gcc/arm-none-eabi/10.3.1/../../../../arm-none-eabi/lib/thumb/v7e-m+fp/hard/libg.a(lib_a-errno.o)
                              CMakeFiles/USB_Keyboard.elf.dir/Core/Src/syscalls.c.obj (__errno)
/usr/local/arm/gcc-arm-10.3-2021.07-x86_64-arm-none-eabi/bin/../lib/gcc/arm-none-eabi/10.3.1/../../../../arm-none-eabi/lib/thumb/v7e-m+fp/hard/libg.a(lib_a-exit.o)
                              /usr/local/arm/gcc-arm-10.3-2021.07-x86_64-arm-none-eabi/bin/../lib/gcc/arm-none-eabi/10.3.1/../../../../arm-none-eabi/lib/thumb/v7e-m+fp/hard/crt0.o (exit)
/usr/local/arm/gcc-arm-10.3-2021.07-x86_64-arm-none-eabi/bin/../lib/gcc/arm-none-eabi/10.3.1/../../../../arm-none-eabi/lib/thumb/v7e-m+fp/hard/libg.a(lib_a-fini.o)
                              /usr/local/arm/gcc-arm-10.3-2021.07-x86_64-arm-none-eabi/bin/../lib/gcc/arm-none-eabi/10.3.1/../../../../arm-none-eabi/lib/thumb/v7e-m+fp/hard/crt0.o (__libc_fini_array)
/usr/local/arm/gcc-arm-10.3-2021.07-x86_64-arm-none-eabi/bin/../lib/gcc/arm-none-eabi/10.3.1/../../../../arm-none-eabi/lib/thumb/v7e-m+fp/hard/libg.a(lib_a-impure.o)
                              /usr/local/arm/gcc-arm-10.3-2021.07-x86_64-arm-none-eabi/bin/../lib/gcc/arm-none-eabi/10.3.1/../../../../arm-none-eabi/lib/thumb/v7e-m+fp/hard/libg.a(lib_a-exit.o) (_global_impure_ptr)
/usr/local/arm/gcc-arm-10.3-2021.07-x86_64-arm-none-eabi/bin/../lib/gcc/arm-none-eabi/10.3.1/../../../../arm-none-eabi/lib/thumb/v7e-m+fp/hard/libg.a(lib_a-init.o)
                              /usr/local/arm/gcc-arm-10.3-2021.07-x86_64-arm-none-eabi/bin/../lib/gcc/arm-none-eabi/10.3.1/../../../../arm-none-eabi/lib/thumb/v7e-m+fp/hard/crt0.o (__libc_init_array)
/usr/local/arm/gcc-arm-10.3-2021.07-x86_64-arm-none-eabi/bin/../lib/gcc/arm-none-eabi/10.3.1/../../../../arm-none-eabi/lib/thumb/v7e-m+fp/hard/libg.a(lib_a-memset.o)
                              /usr/local/arm/gcc-arm-10.3-2021.07-x86_64-arm-none-eabi/bin/../lib/gcc/arm-none-eabi/10.3.1/../../../../arm-none-eabi/lib/thumb/v7e-m+fp/hard/crt0.o (memset)
/usr/local/arm/gcc-arm-10.3-2021.07-x86_64-arm-none-eabi/bin/../lib/gcc/arm-none-eabi/10.3.1/../../../../arm-none-eabi/lib/thumb/v7e-m+fp/hard/libg.a(lib_a-__atexit.o)
                              /usr/local/arm/gcc-arm-10.3-2021.07-x86_64-arm-none-eabi/bin/../lib/gcc/arm-none-eabi/10.3.1/../../../../arm-none-eabi/lib/thumb/v7e-m+fp/hard/libg.a(lib_a-atexit.o) (__register_exitproc)
/usr/local/arm/gcc-arm-10.3-2021.07-x86_64-arm-none-eabi/bin/../lib/gcc/arm-none-eabi/10.3.1/../../../../arm-none-eabi/lib/thumb/v7e-m+fp/hard/libg.a(lib_a-__call_atexit.o)
                              /usr/local/arm/gcc-arm-10.3-2021.07-x86_64-arm-none-eabi/bin/../lib/gcc/arm-none-eabi/10.3.1/../../../../arm-none-eabi/lib/thumb/v7e-m+fp/hard/libg.a(lib_a-exit.o) (__call_exitprocs)

Discarded input sections

 .text          0x0000000000000000        0x0 /usr/local/arm/gcc-arm-10.3-2021.07-x86_64-arm-none-eabi/bin/../lib/gcc/arm-none-eabi/10.3.1/thumb/v7e-m+fp/hard/crti.o
 .data          0x0000000000000000        0x0 /usr/local/arm/gcc-arm-10.3-2021.07-x86_64-arm-none-eabi/bin/../lib/gcc/arm-none-eabi/10.3.1/thumb/v7e-m+fp/hard/crti.o
 .bss           0x0000000000000000        0x0 /usr/local/arm/gcc-arm-10.3-2021.07-x86_64-arm-none-eabi/bin/../lib/gcc/arm-none-eabi/10.3.1/thumb/v7e-m+fp/hard/crti.o
 .text          0x0000000000000000        0x0 /usr/local/arm/gcc-arm-10.3-2021.07-x86_64-arm-none-eabi/bin/../lib/gcc/arm-none-eabi/10.3.1/thumb/v7e-m+fp/hard/crtbegin.o
[...]
Memory Configuration

Name             Origin             Length             Attributes
FLASH            0x0000000008000000 0x0000000000200000 xr
DTCMRAM          0x0000000020000000 0x0000000000020000 xrw
RAM_D1           0x0000000024000000 0x0000000000080000 xrw
RAM_D2           0x0000000030000000 0x0000000000048000 xrw
RAM_D3           0x0000000038000000 0x0000000000010000 xrw
ITCMRAM          0x0000000000000000 0x0000000000010000 xrw
*default*        0x0000000000000000 0xffffffffffffffff

Linker script and memory map

LOAD /usr/local/arm/gcc-arm-10.3-2021.07-x86_64-arm-none-eabi/bin/../lib/gcc/arm-none-eabi/10.3.1/thumb/v7e-m+fp/hard/crti.o
LOAD /usr/local/arm/gcc-arm-10.3-2021.07-x86_64-arm-none-eabi/bin/../lib/gcc/arm-none-eabi/10.3.1/thumb/v7e-m+fp/hard/crtbegin.o
LOAD /usr/local/arm/gcc-arm-10.3-2021.07-x86_64-arm-none-eabi/bin/../lib/gcc/arm-none-eabi/10.3.1/../../../../arm-none-eabi/lib/thumb/v7e-m+fp/hard/crt0.o
LOAD CMakeFiles/USB_Keyboard.elf.dir/Core/Src/main.c.obj
LOAD CMakeFiles/USB_Keyboard.elf.dir/Core/Src/stm32h7xx_hal_msp.c.obj
LOAD CMakeFiles/USB_Keyboard.elf.dir/Core/Src/stm32h7xx_it.c.obj
LOAD CMakeFiles/USB_Keyboard.elf.dir/Core/Src/syscalls.c.obj
LOAD CMakeFiles/USB_Keyboard.elf.dir/Core/Src/sysmem.c.obj
LOAD CMakeFiles/USB_Keyboard.elf.dir/Core/Src/system_stm32h7xx.c.obj
LOAD CMakeFiles/USB_Keyboard.elf.dir/Core/Startup/startup_stm32h743vitx.s.obj
LOAD CMakeFiles/USB_Keyboard.elf.dir/Drivers/STM32H7xx_HAL_Driver/Src/stm32h7xx_hal.c.obj
LOAD CMakeFiles/USB_Keyboard.elf.dir/Drivers/STM32H7xx_HAL_Driver/Src/stm32h7xx_hal_cortex.c.obj
LOAD CMakeFiles/USB_Keyboard.elf.dir/Drivers/STM32H7xx_HAL_Driver/Src/stm32h7xx_hal_dma.c.obj
LOAD CMakeFiles/USB_Keyboard.elf.dir/Drivers/STM32H7xx_HAL_Driver/Src/stm32h7xx_hal_dma_ex.c.obj
LOAD CMakeFiles/USB_Keyboard.elf.dir/Drivers/STM32H7xx_HAL_Driver/Src/stm32h7xx_hal_exti.c.obj
LOAD CMakeFiles/USB_Keyboard.elf.dir/Drivers/STM32H7xx_HAL_Driver/Src/stm32h7xx_hal_flash.c.obj
LOAD CMakeFiles/USB_Keyboard.elf.dir/Drivers/STM32H7xx_HAL_Driver/Src/stm32h7xx_hal_flash_ex.c.obj
LOAD CMakeFiles/USB_Keyboard.elf.dir/Drivers/STM32H7xx_HAL_Driver/Src/stm32h7xx_hal_gpio.c.obj
LOAD CMakeFiles/USB_Keyboard.elf.dir/Drivers/STM32H7xx_HAL_Driver/Src/stm32h7xx_hal_hsem.c.obj
LOAD CMakeFiles/USB_Keyboard.elf.dir/Drivers/STM32H7xx_HAL_Driver/Src/stm32h7xx_hal_i2c.c.obj
LOAD CMakeFiles/USB_Keyboard.elf.dir/Drivers/STM32H7xx_HAL_Driver/Src/stm32h7xx_hal_i2c_ex.c.obj
LOAD CMakeFiles/USB_Keyboard.elf.dir/Drivers/STM32H7xx_HAL_Driver/Src/stm32h7xx_hal_mdma.c.obj
LOAD CMakeFiles/USB_Keyboard.elf.dir/Drivers/STM32H7xx_HAL_Driver/Src/stm32h7xx_hal_pcd.c.obj
LOAD CMakeFiles/USB_Keyboard.elf.dir/Drivers/STM32H7xx_HAL_Driver/Src/stm32h7xx_hal_pcd_ex.c.obj
LOAD CMakeFiles/USB_Keyboard.elf.dir/Drivers/STM32H7xx_HAL_Driver/Src/stm32h7xx_hal_pwr.c.obj
LOAD CMakeFiles/USB_Keyboard.elf.dir/Drivers/STM32H7xx_HAL_Driver/Src/stm32h7xx_hal_pwr_ex.c.obj
LOAD CMakeFiles/USB_Keyboard.elf.dir/Drivers/STM32H7xx_HAL_Driver/Src/stm32h7xx_hal_rcc.c.obj
LOAD CMakeFiles/USB_Keyboard.elf.dir/Drivers/STM32H7xx_HAL_Driver/Src/stm32h7xx_hal_rcc_ex.c.obj
LOAD CMakeFiles/USB_Keyboard.elf.dir/Drivers/STM32H7xx_HAL_Driver/Src/stm32h7xx_hal_tim.c.obj
LOAD CMakeFiles/USB_Keyboard.elf.dir/Drivers/STM32H7xx_HAL_Driver/Src/stm32h7xx_hal_tim_ex.c.obj
LOAD CMakeFiles/USB_Keyboard.elf.dir/Drivers/STM32H7xx_HAL_Driver/Src/stm32h7xx_hal_uart.c.obj
LOAD CMakeFiles/USB_Keyboard.elf.dir/Drivers/STM32H7xx_HAL_Driver/Src/stm32h7xx_hal_uart_ex.c.obj
LOAD CMakeFiles/USB_Keyboard.elf.dir/Drivers/STM32H7xx_HAL_Driver/Src/stm32h7xx_ll_usb.c.obj
LOAD CMakeFiles/USB_Keyboard.elf.dir/Middlewares/ST/STM32_USB_Device_Library/Class/HID/Src/usbd_hid.c.obj
LOAD CMakeFiles/USB_Keyboard.elf.dir/Middlewares/ST/STM32_USB_Device_Library/Core/Src/usbd_core.c.obj
LOAD CMakeFiles/USB_Keyboard.elf.dir/Middlewares/ST/STM32_USB_Device_Library/Core/Src/usbd_ctlreq.c.obj
LOAD CMakeFiles/USB_Keyboard.elf.dir/Middlewares/ST/STM32_USB_Device_Library/Core/Src/usbd_ioreq.c.obj
LOAD CMakeFiles/USB_Keyboard.elf.dir/USB_DEVICE/App/usb_device.c.obj
LOAD CMakeFiles/USB_Keyboard.elf.dir/USB_DEVICE/App/usbd_desc.c.obj
LOAD CMakeFiles/USB_Keyboard.elf.dir/USB_DEVICE/Target/usbd_conf.c.obj
START GROUP
LOAD /usr/local/arm/gcc-arm-10.3-2021.07-x86_64-arm-none-eabi/bin/../lib/gcc/arm-none-eabi/10.3.1/thumb/v7e-m+fp/hard/libgcc.a
LOAD /usr/local/arm/gcc-arm-10.3-2021.07-x86_64-arm-none-eabi/bin/../lib/gcc/arm-none-eabi/10.3.1/../../../../arm-none-eabi/lib/thumb/v7e-m+fp/hard/libg.a
LOAD /usr/local/arm/gcc-arm-10.3-2021.07-x86_64-arm-none-eabi/bin/../lib/gcc/arm-none-eabi/10.3.1/../../../../arm-none-eabi/lib/thumb/v7e-m+fp/hard/libc.a
END GROUP
LOAD /usr/local/arm/gcc-arm-10.3-2021.07-x86_64-arm-none-eabi/bin/../lib/gcc/arm-none-eabi/10.3.1/thumb/v7e-m+fp/hard/crtend.o
LOAD /usr/local/arm/gcc-arm-10.3-2021.07-x86_64-arm-none-eabi/bin/../lib/gcc/arm-none-eabi/10.3.1/thumb/v7e-m+fp/hard/crtn.o
                0x0000000024080000                _estack = (ORIGIN (RAM_D1) + LENGTH (RAM_D1))
                0x0000000000002000                _Min_Heap_Size = 0x2000
                0x0000000000004000                _Min_Stack_Size = 0x4000

.isr_vector     0x0000000008000000      0x298
                0x0000000008000000                . = ALIGN (0x4)
 *(.isr_vector)
 .isr_vector    0x0000000008000000      0x298 CMakeFiles/USB_Keyboard.elf.dir/Core/Startup/startup_stm32h743vitx.s.obj
                0x0000000008000000                g_pfnVectors
                0x0000000008000298                . = ALIGN (0x4)

.text           0x0000000008000298     0x6d10
                0x0000000008000298                . = ALIGN (0x4)
 *(.text)
 .text          0x0000000008000298       0x30 /usr/local/arm/gcc-arm-10.3-2021.07-x86_64-arm-none-eabi/bin/../lib/gcc/arm-none-eabi/10.3.1/thumb/v7e-m+fp/hard/libgcc.a(_aeabi_uldivmod.o)
                0x0000000008000298                __aeabi_uldivmod
 .text          0x00000000080002c8        0x4 /usr/local/arm/gcc-arm-10.3-2021.07-x86_64-arm-none-eabi/bin/../lib/gcc/arm-none-eabi/10.3.1/thumb/v7e-m+fp/hard/libgcc.a(_dvmd_tls.o)
                0x00000000080002c8                __aeabi_ldiv0
                0x00000000080002c8                __aeabi_idiv0
 *(.text*)
 .text.deregister_tm_clones
                0x00000000080002cc       0x1c /usr/local/arm/gcc-arm-10.3-2021.07-x86_64-arm-none-eabi/bin/../lib/gcc/arm-none-eabi/10.3.1/thumb/v7e-m+fp/hard/crtbegin.o
 .text.register_tm_clones
                0x00000000080002e8       0x24 /usr/local/arm/gcc-arm-10.3-2021.07-x86_64-arm-none-eabi/bin/../lib/gcc/arm-none-eabi/10.3.1/thumb/v7e-m+fp/hard/crtbegin.o
 .text.__do_global_dtors_aux
                0x000000000800030c       0x28 /usr/local/arm/gcc-arm-10.3-2021.07-x86_64-arm-none-eabi/bin/../lib/gcc/arm-none-eabi/10.3.1/thumb/v7e-m+fp/hard/crtbegin.o
 .text.frame_dummy
                0x0000000008000334       0x24 /usr/local/arm/gcc-arm-10.3-2021.07-x86_64-arm-none-eabi/bin/../lib/gcc/arm-none-eabi/10.3.1/thumb/v7e-m+fp/hard/crtbegin.o
 .text.MX_GPIO_Init
                0x0000000008000358       0xe0 CMakeFiles/USB_Keyboard.elf.dir/Core/Src/main.c.obj
 .text.MX_DMA_Init
                0x0000000008000438       0x38 CMakeFiles/USB_Keyboard.elf.dir/Core/Src/main.c.obj
 .text.Error_Handler
                0x0000000008000470        0x4 CMakeFiles/USB_Keyboard.elf.dir/Core/Src/main.c.obj
                0x0000000008000470                Error_Handler
 .text.MX_USART1_UART_Init
                0x0000000008000474       0x60 CMakeFiles/USB_Keyboard.elf.dir/Core/Src/main.c.obj
 .text.SystemClock_Config
                0x00000000080004d4       0xc0 CMakeFiles/USB_Keyboard.elf.dir/Core/Src/main.c.obj
                0x00000000080004d4                SystemClock_Config
 .text.main     0x0000000008000594       0xa4 CMakeFiles/USB_Keyboard.elf.dir/Core/Src/main.c.obj
                0x0000000008000594                main
 .text.HAL_MspInit
                0x0000000008000638       0x24 CMakeFiles/USB_Keyboard.elf.dir/Core/Src/stm32h7xx_hal_msp.c.obj
                0x0000000008000638                HAL_MspInit
 .text.HAL_UART_MspInit
                0x000000000800065c       0xd4 CMakeFiles/USB_Keyboard.elf.dir/Core/Src/stm32h7xx_hal_msp.c.obj
                0x000000000800065c                HAL_UART_MspInit
 .text.NMI_Handler
                0x0000000008000730        0x2 CMakeFiles/USB_Keyboard.elf.dir/Core/Src/stm32h7xx_it.c.obj
                0x0000000008000730                NMI_Handler
 .text.HardFault_Handler
                0x0000000008000732        0x2 CMakeFiles/USB_Keyboard.elf.dir/Core/Src/stm32h7xx_it.c.obj
                0x0000000008000732                HardFault_Handler
 .text.MemManage_Handler
                0x0000000008000734        0x2 CMakeFiles/USB_Keyboard.elf.dir/Core/Src/stm32h7xx_it.c.obj
                0x0000000008000734                MemManage_Handler
 .text.BusFault_Handler
                0x0000000008000736        0x2 CMakeFiles/USB_Keyboard.elf.dir/Core/Src/stm32h7xx_it.c.obj
                0x0000000008000736                BusFault_Handler
 .text.UsageFault_Handler
                0x0000000008000738        0x2 CMakeFiles/USB_Keyboard.elf.dir/Core/Src/stm32h7xx_it.c.obj
                0x0000000008000738                UsageFault_Handler
 .text.SVC_Handler
                0x000000000800073a        0x2 CMakeFiles/USB_Keyboard.elf.dir/Core/Src/stm32h7xx_it.c.obj
                0x000000000800073a                SVC_Handler
 .text.DebugMon_Handler
                0x000000000800073c        0x2 CMakeFiles/USB_Keyboard.elf.dir/Core/Src/stm32h7xx_it.c.obj
                0x000000000800073c                DebugMon_Handler
 .text.PendSV_Handler
                0x000000000800073e        0x2 CMakeFiles/USB_Keyboard.elf.dir/Core/Src/stm32h7xx_it.c.obj
                0x000000000800073e                PendSV_Handler
 .text.SysTick_Handler
                0x0000000008000740        0x8 CMakeFiles/USB_Keyboard.elf.dir/Core/Src/stm32h7xx_it.c.obj
                0x0000000008000740                SysTick_Handler
 .text.DMA1_Stream0_IRQHandler
                0x0000000008000748       0x10 CMakeFiles/USB_Keyboard.elf.dir/Core/Src/stm32h7xx_it.c.obj
                0x0000000008000748                DMA1_Stream0_IRQHandler
 .text.OTG_FS_IRQHandler
                0x0000000008000758       0x10 CMakeFiles/USB_Keyboard.elf.dir/Core/Src/stm32h7xx_it.c.obj
                0x0000000008000758                OTG_FS_IRQHandler
 .text.SystemInit
                0x0000000008000768       0xcc CMakeFiles/USB_Keyboard.elf.dir/Core/Src/system_stm32h7xx.c.obj
                0x0000000008000768                SystemInit
 .text.Reset_Handler
                0x0000000008000834       0x50 CMakeFiles/USB_Keyboard.elf.dir/Core/Startup/startup_stm32h743vitx.s.obj
                0x0000000008000834                Reset_Handler
 .text.Default_Handler
                0x0000000008000884        0x2 CMakeFiles/USB_Keyboard.elf.dir/Core/Startup/startup_stm32h743vitx.s.obj
                0x0000000008000884                RTC_Alarm_IRQHandler
                0x0000000008000884                EXTI2_IRQHandler
                0x0000000008000884                TIM8_CC_IRQHandler
                0x0000000008000884                HRTIM1_Master_IRQHandler
                0x0000000008000884                UART8_IRQHandler
                0x0000000008000884                SPI4_IRQHandler
                0x0000000008000884                TIM1_CC_IRQHandler
                0x0000000008000884                BDMA_Channel6_IRQHandler
                0x0000000008000884                DMA2_Stream5_IRQHandler
                0x0000000008000884                HRTIM1_FLT_IRQHandler
                0x0000000008000884                JPEG_IRQHandler
                0x0000000008000884                DMA1_Stream5_IRQHandler
                0x0000000008000884                BDMA_Channel1_IRQHandler
                0x0000000008000884                HRTIM1_TIMD_IRQHandler
                0x0000000008000884                TAMP_STAMP_IRQHandler
                0x0000000008000884                EXTI3_IRQHandler
                0x0000000008000884                LPTIM4_IRQHandler
                0x0000000008000884                TIM8_TRG_COM_TIM14_IRQHandler
                0x0000000008000884                LPTIM2_IRQHandler
                0x0000000008000884                DFSDM1_FLT1_IRQHandler
                0x0000000008000884                DMAMUX2_OVR_IRQHandler
                0x0000000008000884                TIM8_UP_TIM13_IRQHandler
                0x0000000008000884                I2C3_ER_IRQHandler
                0x0000000008000884                DFSDM1_FLT2_IRQHandler
                0x0000000008000884                MDMA_IRQHandler
                0x0000000008000884                LPTIM3_IRQHandler
                0x0000000008000884                HSEM1_IRQHandler
                0x0000000008000884                EXTI0_IRQHandler
                0x0000000008000884                I2C2_EV_IRQHandler
                0x0000000008000884                DMA1_Stream2_IRQHandler
                0x0000000008000884                FPU_IRQHandler
                0x0000000008000884                OTG_HS_WKUP_IRQHandler
                0x0000000008000884                FDCAN1_IT1_IRQHandler
                0x0000000008000884                LTDC_ER_IRQHandler
                0x0000000008000884                DMA2_Stream2_IRQHandler
                0x0000000008000884                HRTIM1_TIME_IRQHandler
                0x0000000008000884                SPI1_IRQHandler
                0x0000000008000884                TIM6_DAC_IRQHandler
                0x0000000008000884                DCMI_IRQHandler
                0x0000000008000884                HRTIM1_TIMC_IRQHandler
                0x0000000008000884                DMA2_Stream3_IRQHandler
                0x0000000008000884                SAI2_IRQHandler
                0x0000000008000884                DFSDM1_FLT3_IRQHandler
                0x0000000008000884                USART6_IRQHandler
                0x0000000008000884                TIM17_IRQHandler
                0x0000000008000884                USART3_IRQHandler
                0x0000000008000884                BDMA_Channel7_IRQHandler
                0x0000000008000884                LPTIM5_IRQHandler
                0x0000000008000884                UART5_IRQHandler
                0x0000000008000884                ADC3_IRQHandler
                0x0000000008000884                DMA2_Stream0_IRQHandler
                0x0000000008000884                TIM4_IRQHandler
                0x0000000008000884                BDMA_Channel2_IRQHandler
                0x0000000008000884                QUADSPI_IRQHandler
                0x0000000008000884                I2C1_EV_IRQHandler
                0x0000000008000884                DMA1_Stream6_IRQHandler
                0x0000000008000884                DMAMUX1_OVR_IRQHandler
                0x0000000008000884                DMA1_Stream1_IRQHandler
                0x0000000008000884                TIM16_IRQHandler
                0x0000000008000884                UART4_IRQHandler
                0x0000000008000884                BDMA_Channel5_IRQHandler
                0x0000000008000884                TIM3_IRQHandler
                0x0000000008000884                RCC_IRQHandler
                0x0000000008000884                TIM8_BRK_TIM12_IRQHandler
                0x0000000008000884                TIM1_TRG_COM_IRQHandler
                0x0000000008000884                Default_Handler
                0x0000000008000884                ECC_IRQHandler
                0x0000000008000884                CEC_IRQHandler
                0x0000000008000884                EXTI15_10_IRQHandler
                0x0000000008000884                BDMA_Channel0_IRQHandler
                0x0000000008000884                ADC_IRQHandler
                0x0000000008000884                DMA1_Stream7_IRQHandler
                0x0000000008000884                HRTIM1_TIMA_IRQHandler
                0x0000000008000884                SPI5_IRQHandler
                0x0000000008000884                TIM7_IRQHandler
                0x0000000008000884                SDMMC1_IRQHandler
                0x0000000008000884                TIM5_IRQHandler
                0x0000000008000884                DMA2_Stream7_IRQHandler
                0x0000000008000884                TIM15_IRQHandler
                0x0000000008000884                PVD_AVD_IRQHandler
                0x0000000008000884                I2C3_EV_IRQHandler
                0x0000000008000884                EXTI9_5_IRQHandler
                0x0000000008000884                RTC_WKUP_IRQHandler
                0x0000000008000884                LTDC_IRQHandler
                0x0000000008000884                SAI3_IRQHandler
                0x0000000008000884                ETH_WKUP_IRQHandler
                0x0000000008000884                SPDIF_RX_IRQHandler
                0x0000000008000884                SPI2_IRQHandler
                0x0000000008000884                OTG_HS_EP1_IN_IRQHandler
                0x0000000008000884                CRS_IRQHandler
                0x0000000008000884                EXTI4_IRQHandler
                0x0000000008000884                RNG_IRQHandler
                0x0000000008000884                HRTIM1_TIMB_IRQHandler
                0x0000000008000884                FDCAN2_IT1_IRQHandler
                0x0000000008000884                ETH_IRQHandler
                0x0000000008000884                TIM1_UP_IRQHandler
                0x0000000008000884                BDMA_Channel4_IRQHandler
                0x0000000008000884                OTG_HS_EP1_OUT_IRQHandler
                0x0000000008000884                WWDG_IRQHandler
                0x0000000008000884                SPI6_IRQHandler
                0x0000000008000884                MDIOS_IRQHandler
                0x0000000008000884                I2C4_EV_IRQHandler
                0x0000000008000884                FDCAN2_IT0_IRQHandler
                0x0000000008000884                LPUART1_IRQHandler
                0x0000000008000884                FDCAN1_IT0_IRQHandler
                0x0000000008000884                TIM2_IRQHandler
                0x0000000008000884                OTG_FS_WKUP_IRQHandler
                0x0000000008000884                OTG_HS_IRQHandler
                0x0000000008000884                DMA2D_IRQHandler
                0x0000000008000884                TIM1_BRK_IRQHandler
                0x0000000008000884                EXTI1_IRQHandler
                0x0000000008000884                SDMMC2_IRQHandler
                0x0000000008000884                OTG_FS_EP1_OUT_IRQHandler
                0x0000000008000884                BDMA_Channel3_IRQHandler
                0x0000000008000884                UART7_IRQHandler
                0x0000000008000884                MDIOS_WKUP_IRQHandler
                0x0000000008000884                USART2_IRQHandler
                0x0000000008000884                DFSDM1_FLT0_IRQHandler
                0x0000000008000884                SAI4_IRQHandler
                0x0000000008000884                I2C2_ER_IRQHandler
                0x0000000008000884                DMA2_Stream1_IRQHandler
                0x0000000008000884                FLASH_IRQHandler
                0x0000000008000884                DMA2_Stream4_IRQHandler
                0x0000000008000884                USART1_IRQHandler
                0x0000000008000884                SPI3_IRQHandler
                0x0000000008000884                WAKEUP_PIN_IRQHandler
                0x0000000008000884                DMA1_Stream4_IRQHandler
                0x0000000008000884                OTG_FS_EP1_IN_IRQHandler
                0x0000000008000884                I2C1_ER_IRQHandler
                0x0000000008000884                FMC_IRQHandler
                0x0000000008000884                FDCAN_CAL_IRQHandler
                0x0000000008000884                SWPMI1_IRQHandler
                0x0000000008000884                COMP1_IRQHandler
                0x0000000008000884                LPTIM1_IRQHandler
                0x0000000008000884                I2C4_ER_IRQHandler
                0x0000000008000884                DMA2_Stream6_IRQHandler
                0x0000000008000884                SAI1_IRQHandler
                0x0000000008000884                DMA1_Stream3_IRQHandler
 *fill*         0x0000000008000886        0x2 
 .text.HAL_InitTick
                0x0000000008000888       0x50 CMakeFiles/USB_Keyboard.elf.dir/Drivers/STM32H7xx_HAL_Driver/Src/stm32h7xx_hal.c.obj
                0x0000000008000888                HAL_InitTick
 .text.HAL_Init
                0x00000000080008d8       0x5c CMakeFiles/USB_Keyboard.elf.dir/Drivers/STM32H7xx_HAL_Driver/Src/stm32h7xx_hal.c.obj
                0x00000000080008d8                HAL_Init
 .text.HAL_IncTick
                0x0000000008000934       0x18 CMakeFiles/USB_Keyboard.elf.dir/Drivers/STM32H7xx_HAL_Driver/Src/stm32h7xx_hal.c.obj
                0x0000000008000934                HAL_IncTick
 .text.HAL_GetTick
                0x000000000800094c        0xc CMakeFiles/USB_Keyboard.elf.dir/Drivers/STM32H7xx_HAL_Driver/Src/stm32h7xx_hal.c.obj
                0x000000000800094c                HAL_GetTick
 .text.HAL_Delay
                0x0000000008000958       0x28 CMakeFiles/USB_Keyboard.elf.dir/Drivers/STM32H7xx_HAL_Driver/Src/stm32h7xx_hal.c.obj
                0x0000000008000958                HAL_Delay
 .text.HAL_GetREVID
                0x0000000008000980        0xc CMakeFiles/USB_Keyboard.elf.dir/Drivers/STM32H7xx_HAL_Driver/Src/stm32h7xx_hal.c.obj
                0x0000000008000980                HAL_GetREVID
 .text.HAL_NVIC_SetPriorityGrouping
                0x000000000800098c       0x24 CMakeFiles/USB_Keyboard.elf.dir/Drivers/STM32H7xx_HAL_Driver/Src/stm32h7xx_hal_cortex.c.obj
                0x000000000800098c                HAL_NVIC_SetPriorityGrouping
 .text.HAL_NVIC_SetPriority
                0x00000000080009b0       0x6c CMakeFiles/USB_Keyboard.elf.dir/Drivers/STM32H7xx_HAL_Driver/Src/stm32h7xx_hal_cortex.c.obj
                0x00000000080009b0                HAL_NVIC_SetPriority
 .text.HAL_NVIC_EnableIRQ
                0x0000000008000a1c       0x1c CMakeFiles/USB_Keyboard.elf.dir/Drivers/STM32H7xx_HAL_Driver/Src/stm32h7xx_hal_cortex.c.obj
                0x0000000008000a1c                HAL_NVIC_EnableIRQ
 .text.HAL_SYSTICK_Config
                0x0000000008000a38       0x28 CMakeFiles/USB_Keyboard.elf.dir/Drivers/STM32H7xx_HAL_Driver/Src/stm32h7xx_hal_cortex.c.obj
                0x0000000008000a38                HAL_SYSTICK_Config
 .text.DMA_CalcBaseAndBitshift
                0x0000000008000a60       0xb4 CMakeFiles/USB_Keyboard.elf.dir/Drivers/STM32H7xx_HAL_Driver/Src/stm32h7xx_hal_dma.c.obj
 .text.DMA_CheckFifoParam
                0x0000000008000b14       0x92 CMakeFiles/USB_Keyboard.elf.dir/Drivers/STM32H7xx_HAL_Driver/Src/stm32h7xx_hal_dma.c.obj
 *fill*         0x0000000008000ba6        0x2 
 .text.DMA_CalcDMAMUXChannelBaseAndMask
                0x0000000008000ba8       0xb0 CMakeFiles/USB_Keyboard.elf.dir/Drivers/STM32H7xx_HAL_Driver/Src/stm32h7xx_hal_dma.c.obj
 .text.DMA_CalcDMAMUXRequestGenBaseAndMask
                0x0000000008000c58       0x7c CMakeFiles/USB_Keyboard.elf.dir/Drivers/STM32H7xx_HAL_Driver/Src/stm32h7xx_hal_dma.c.obj
 .text.HAL_DMA_Init
                0x0000000008000cd4      0x3a4 CMakeFiles/USB_Keyboard.elf.dir/Drivers/STM32H7xx_HAL_Driver/Src/stm32h7xx_hal_dma.c.obj
                0x0000000008000cd4                HAL_DMA_Init
 .text.HAL_DMA_IRQHandler
                0x0000000008001078      0x738 CMakeFiles/USB_Keyboard.elf.dir/Drivers/STM32H7xx_HAL_Driver/Src/stm32h7xx_hal_dma.c.obj
                0x0000000008001078                HAL_DMA_IRQHandler
 .text.HAL_GPIO_Init
                0x00000000080017b0      0x220 CMakeFiles/USB_Keyboard.elf.dir/Drivers/STM32H7xx_HAL_Driver/Src/stm32h7xx_hal_gpio.c.obj
                0x00000000080017b0                HAL_GPIO_Init
 .text.HAL_GPIO_ReadPin
                0x00000000080019d0        0xe CMakeFiles/USB_Keyboard.elf.dir/Drivers/STM32H7xx_HAL_Driver/Src/stm32h7xx_hal_gpio.c.obj
                0x00000000080019d0                HAL_GPIO_ReadPin
 .text.HAL_GPIO_WritePin
                0x00000000080019de        0xc CMakeFiles/USB_Keyboard.elf.dir/Drivers/STM32H7xx_HAL_Driver/Src/stm32h7xx_hal_gpio.c.obj
                0x00000000080019de                HAL_GPIO_WritePin
 .text.PCD_WriteEmptyTxFifo
                0x00000000080019ea       0xd0 CMakeFiles/USB_Keyboard.elf.dir/Drivers/STM32H7xx_HAL_Driver/Src/stm32h7xx_hal_pcd.c.obj
 .text.HAL_PCD_Init
                0x0000000008001aba      0x13c CMakeFiles/USB_Keyboard.elf.dir/Drivers/STM32H7xx_HAL_Driver/Src/stm32h7xx_hal_pcd.c.obj
                0x0000000008001aba                HAL_PCD_Init
 .text.HAL_PCD_Start
                0x0000000008001bf6       0x44 CMakeFiles/USB_Keyboard.elf.dir/Drivers/STM32H7xx_HAL_Driver/Src/stm32h7xx_hal_pcd.c.obj
                0x0000000008001bf6                HAL_PCD_Start
 *fill*         0x0000000008001c3a        0x2 
 .text.PCD_EP_OutXfrComplete_int
                0x0000000008001c3c      0x104 CMakeFiles/USB_Keyboard.elf.dir/Drivers/STM32H7xx_HAL_Driver/Src/stm32h7xx_hal_pcd.c.obj
 .text.PCD_EP_OutSetupPacket_int
                0x0000000008001d40       0x50 CMakeFiles/USB_Keyboard.elf.dir/Drivers/STM32H7xx_HAL_Driver/Src/stm32h7xx_hal_pcd.c.obj
 .text.HAL_PCD_SetAddress
                0x0000000008001d90       0x28 CMakeFiles/USB_Keyboard.elf.dir/Drivers/STM32H7xx_HAL_Driver/Src/stm32h7xx_hal_pcd.c.obj
                0x0000000008001d90                HAL_PCD_SetAddress
 .text.HAL_PCD_EP_Open
                0x0000000008001db8       0x8a CMakeFiles/USB_Keyboard.elf.dir/Drivers/STM32H7xx_HAL_Driver/Src/stm32h7xx_hal_pcd.c.obj
                0x0000000008001db8                HAL_PCD_EP_Open
 .text.HAL_PCD_EP_Close
                0x0000000008001e42       0x72 CMakeFiles/USB_Keyboard.elf.dir/Drivers/STM32H7xx_HAL_Driver/Src/stm32h7xx_hal_pcd.c.obj
                0x0000000008001e42                HAL_PCD_EP_Close
 .text.HAL_PCD_EP_Receive
                0x0000000008001eb4       0x4a CMakeFiles/USB_Keyboard.elf.dir/Drivers/STM32H7xx_HAL_Driver/Src/stm32h7xx_hal_pcd.c.obj
                0x0000000008001eb4                HAL_PCD_EP_Receive
 .text.HAL_PCD_EP_Transmit
                0x0000000008001efe       0x4a CMakeFiles/USB_Keyboard.elf.dir/Drivers/STM32H7xx_HAL_Driver/Src/stm32h7xx_hal_pcd.c.obj
                0x0000000008001efe                HAL_PCD_EP_Transmit
 .text.HAL_PCD_EP_SetStall
                0x0000000008001f48       0x88 CMakeFiles/USB_Keyboard.elf.dir/Drivers/STM32H7xx_HAL_Driver/Src/stm32h7xx_hal_pcd.c.obj
                0x0000000008001f48                HAL_PCD_EP_SetStall
 .text.HAL_PCD_EP_ClrStall
                0x0000000008001fd0       0x76 CMakeFiles/USB_Keyboard.elf.dir/Drivers/STM32H7xx_HAL_Driver/Src/stm32h7xx_hal_pcd.c.obj
                0x0000000008001fd0                HAL_PCD_EP_ClrStall
 .text.HAL_PCD_EP_Abort
                0x0000000008002046       0x34 CMakeFiles/USB_Keyboard.elf.dir/Drivers/STM32H7xx_HAL_Driver/Src/stm32h7xx_hal_pcd.c.obj
                0x0000000008002046                HAL_PCD_EP_Abort
 .text.HAL_PCD_IRQHandler
                0x000000000800207a      0x606 CMakeFiles/USB_Keyboard.elf.dir/Drivers/STM32H7xx_HAL_Driver/Src/stm32h7xx_hal_pcd.c.obj
                0x000000000800207a                HAL_PCD_IRQHandler
 .text.HAL_PCDEx_SetTxFiFo
                0x0000000008002680       0x4c CMakeFiles/USB_Keyboard.elf.dir/Drivers/STM32H7xx_HAL_Driver/Src/stm32h7xx_hal_pcd_ex.c.obj
                0x0000000008002680                HAL_PCDEx_SetTxFiFo
 .text.HAL_PCDEx_SetRxFiFo
                0x00000000080026cc        0x8 CMakeFiles/USB_Keyboard.elf.dir/Drivers/STM32H7xx_HAL_Driver/Src/stm32h7xx_hal_pcd_ex.c.obj
                0x00000000080026cc                HAL_PCDEx_SetRxFiFo
 .text.HAL_PCDEx_ActivateLPM
                0x00000000080026d4       0x28 CMakeFiles/USB_Keyboard.elf.dir/Drivers/STM32H7xx_HAL_Driver/Src/stm32h7xx_hal_pcd_ex.c.obj
                0x00000000080026d4                HAL_PCDEx_ActivateLPM
 .text.HAL_PCDEx_LPM_Callback
                0x00000000080026fc        0x2 CMakeFiles/USB_Keyboard.elf.dir/Drivers/STM32H7xx_HAL_Driver/Src/stm32h7xx_hal_pcd_ex.c.obj
                0x00000000080026fc                HAL_PCDEx_LPM_Callback
 *fill*         0x00000000080026fe        0x2 
 .text.HAL_PWREx_ConfigSupply
                0x0000000008002700       0x54 CMakeFiles/USB_Keyboard.elf.dir/Drivers/STM32H7xx_HAL_Driver/Src/stm32h7xx_hal_pwr_ex.c.obj
                0x0000000008002700                HAL_PWREx_ConfigSupply
 .text.HAL_PWREx_EnableUSBVoltageDetector
                0x0000000008002754       0x10 CMakeFiles/USB_Keyboard.elf.dir/Drivers/STM32H7xx_HAL_Driver/Src/stm32h7xx_hal_pwr_ex.c.obj
                0x0000000008002754                HAL_PWREx_EnableUSBVoltageDetector
 .text.HAL_RCC_OscConfig
                0x0000000008002764      0x6b4 CMakeFiles/USB_Keyboard.elf.dir/Drivers/STM32H7xx_HAL_Driver/Src/stm32h7xx_hal_rcc.c.obj
                0x0000000008002764                HAL_RCC_OscConfig
 .text.HAL_RCC_GetSysClockFreq
                0x0000000008002e18      0x1f4 CMakeFiles/USB_Keyboard.elf.dir/Drivers/STM32H7xx_HAL_Driver/Src/stm32h7xx_hal_rcc.c.obj
                0x0000000008002e18                HAL_RCC_GetSysClockFreq
 .text.HAL_RCC_ClockConfig
                0x000000000800300c      0x294 CMakeFiles/USB_Keyboard.elf.dir/Drivers/STM32H7xx_HAL_Driver/Src/stm32h7xx_hal_rcc.c.obj
                0x000000000800300c                HAL_RCC_ClockConfig
 .text.HAL_RCC_GetHCLKFreq
                0x00000000080032a0       0x44 CMakeFiles/USB_Keyboard.elf.dir/Drivers/STM32H7xx_HAL_Driver/Src/stm32h7xx_hal_rcc.c.obj
                0x00000000080032a0                HAL_RCC_GetHCLKFreq
 .text.HAL_RCC_GetPCLK1Freq
                0x00000000080032e4       0x24 CMakeFiles/USB_Keyboard.elf.dir/Drivers/STM32H7xx_HAL_Driver/Src/stm32h7xx_hal_rcc.c.obj
                0x00000000080032e4                HAL_RCC_GetPCLK1Freq
 .text.HAL_RCC_GetPCLK2Freq
                0x0000000008003308       0x24 CMakeFiles/USB_Keyboard.elf.dir/Drivers/STM32H7xx_HAL_Driver/Src/stm32h7xx_hal_rcc.c.obj
                0x0000000008003308                HAL_RCC_GetPCLK2Freq
 .text.RCCEx_PLL2_Config
                0x000000000800332c      0x10c CMakeFiles/USB_Keyboard.elf.dir/Drivers/STM32H7xx_HAL_Driver/Src/stm32h7xx_hal_rcc_ex.c.obj
 .text.RCCEx_PLL3_Config
                0x0000000008003438      0x10c CMakeFiles/USB_Keyboard.elf.dir/Drivers/STM32H7xx_HAL_Driver/Src/stm32h7xx_hal_rcc_ex.c.obj
 .text.HAL_RCCEx_PeriphCLKConfig
                0x0000000008003544      0xa8c CMakeFiles/USB_Keyboard.elf.dir/Drivers/STM32H7xx_HAL_Driver/Src/stm32h7xx_hal_rcc_ex.c.obj
                0x0000000008003544                HAL_RCCEx_PeriphCLKConfig
 .text.HAL_RCCEx_GetD3PCLK1Freq
                0x0000000008003fd0       0x24 CMakeFiles/USB_Keyboard.elf.dir/Drivers/STM32H7xx_HAL_Driver/Src/stm32h7xx_hal_rcc_ex.c.obj
                0x0000000008003fd0                HAL_RCCEx_GetD3PCLK1Freq
 .text.HAL_RCCEx_GetPLL2ClockFreq
                0x0000000008003ff4      0x1f8 CMakeFiles/USB_Keyboard.elf.dir/Drivers/STM32H7xx_HAL_Driver/Src/stm32h7xx_hal_rcc_ex.c.obj
                0x0000000008003ff4                HAL_RCCEx_GetPLL2ClockFreq
 .text.HAL_RCCEx_GetPLL3ClockFreq
                0x00000000080041ec      0x1f8 CMakeFiles/USB_Keyboard.elf.dir/Drivers/STM32H7xx_HAL_Driver/Src/stm32h7xx_hal_rcc_ex.c.obj
                0x00000000080041ec                HAL_RCCEx_GetPLL3ClockFreq
 .text.UART_EndRxTransfer
                0x00000000080043e4       0x58 CMakeFiles/USB_Keyboard.elf.dir/Drivers/STM32H7xx_HAL_Driver/Src/stm32h7xx_hal_uart.c.obj
 .text.UART_SetConfig
                0x000000000800443c      0x5f4 CMakeFiles/USB_Keyboard.elf.dir/Drivers/STM32H7xx_HAL_Driver/Src/stm32h7xx_hal_uart.c.obj
                0x000000000800443c                UART_SetConfig
 .text.UART_AdvFeatureConfig
                0x0000000008004a30       0xca CMakeFiles/USB_Keyboard.elf.dir/Drivers/STM32H7xx_HAL_Driver/Src/stm32h7xx_hal_uart.c.obj
                0x0000000008004a30                UART_AdvFeatureConfig
 .text.UART_WaitOnFlagUntilTimeout
                0x0000000008004afa       0x9a CMakeFiles/USB_Keyboard.elf.dir/Drivers/STM32H7xx_HAL_Driver/Src/stm32h7xx_hal_uart.c.obj
                0x0000000008004afa                UART_WaitOnFlagUntilTimeout
 .text.UART_CheckIdleState
                0x0000000008004b94       0xca CMakeFiles/USB_Keyboard.elf.dir/Drivers/STM32H7xx_HAL_Driver/Src/stm32h7xx_hal_uart.c.obj
                0x0000000008004b94                UART_CheckIdleState
 .text.HAL_UART_Init
                0x0000000008004c5e       0x66 CMakeFiles/USB_Keyboard.elf.dir/Drivers/STM32H7xx_HAL_Driver/Src/stm32h7xx_hal_uart.c.obj
                0x0000000008004c5e                HAL_UART_Init
 .text.UARTEx_SetNbDataToProcess
                0x0000000008004cc4       0x4c CMakeFiles/USB_Keyboard.elf.dir/Drivers/STM32H7xx_HAL_Driver/Src/stm32h7xx_hal_uart_ex.c.obj
 .text.HAL_UARTEx_DisableFifoMode
                0x0000000008004d10       0x3e CMakeFiles/USB_Keyboard.elf.dir/Drivers/STM32H7xx_HAL_Driver/Src/stm32h7xx_hal_uart_ex.c.obj
                0x0000000008004d10                HAL_UARTEx_DisableFifoMode
 .text.HAL_UARTEx_SetTxFifoThreshold
                0x0000000008004d4e       0x4a CMakeFiles/USB_Keyboard.elf.dir/Drivers/STM32H7xx_HAL_Driver/Src/stm32h7xx_hal_uart_ex.c.obj
                0x0000000008004d4e                HAL_UARTEx_SetTxFifoThreshold
 .text.HAL_UARTEx_SetRxFifoThreshold
                0x0000000008004d98       0x4a CMakeFiles/USB_Keyboard.elf.dir/Drivers/STM32H7xx_HAL_Driver/Src/stm32h7xx_hal_uart_ex.c.obj
                0x0000000008004d98                HAL_UARTEx_SetRxFifoThreshold
 *fill*         0x0000000008004de2        0x2 
 .text.USB_CoreReset
                0x0000000008004de4       0x50 CMakeFiles/USB_Keyboard.elf.dir/Drivers/STM32H7xx_HAL_Driver/Src/stm32h7xx_ll_usb.c.obj
 .text.USB_CoreInit
                0x0000000008004e34       0x9c CMakeFiles/USB_Keyboard.elf.dir/Drivers/STM32H7xx_HAL_Driver/Src/stm32h7xx_ll_usb.c.obj
                0x0000000008004e34                USB_CoreInit
 .text.USB_SetTurnaroundTime
                0x0000000008004ed0       0xe4 CMakeFiles/USB_Keyboard.elf.dir/Drivers/STM32H7xx_HAL_Driver/Src/stm32h7xx_ll_usb.c.obj
                0x0000000008004ed0                USB_SetTurnaroundTime
 .text.USB_EnableGlobalInt
                0x0000000008004fb4        0xc CMakeFiles/USB_Keyboard.elf.dir/Drivers/STM32H7xx_HAL_Driver/Src/stm32h7xx_ll_usb.c.obj
                0x0000000008004fb4                USB_EnableGlobalInt
 .text.USB_DisableGlobalInt
                0x0000000008004fc0        0xc CMakeFiles/USB_Keyboard.elf.dir/Drivers/STM32H7xx_HAL_Driver/Src/stm32h7xx_ll_usb.c.obj
                0x0000000008004fc0                USB_DisableGlobalInt
 .text.USB_FlushTxFifo
                0x0000000008004fcc       0x50 CMakeFiles/USB_Keyboard.elf.dir/Drivers/STM32H7xx_HAL_Driver/Src/stm32h7xx_ll_usb.c.obj
                0x0000000008004fcc                USB_FlushTxFifo
 .text.USB_FlushRxFifo
                0x000000000800501c       0x4c CMakeFiles/USB_Keyboard.elf.dir/Drivers/STM32H7xx_HAL_Driver/Src/stm32h7xx_ll_usb.c.obj
                0x000000000800501c                USB_FlushRxFifo
 .text.USB_SetDevSpeed
                0x0000000008005068        0xe CMakeFiles/USB_Keyboard.elf.dir/Drivers/STM32H7xx_HAL_Driver/Src/stm32h7xx_ll_usb.c.obj
                0x0000000008005068                USB_SetDevSpeed
 *fill*         0x0000000008005076        0x2 
 .text.USB_DevInit
                0x0000000008005078      0x188 CMakeFiles/USB_Keyboard.elf.dir/Drivers/STM32H7xx_HAL_Driver/Src/stm32h7xx_ll_usb.c.obj
                0x0000000008005078                USB_DevInit
 .text.USB_GetDevSpeed
                0x0000000008005200       0x1e CMakeFiles/USB_Keyboard.elf.dir/Drivers/STM32H7xx_HAL_Driver/Src/stm32h7xx_ll_usb.c.obj
                0x0000000008005200                USB_GetDevSpeed
 *fill*         0x000000000800521e        0x2 
 .text.USB_ActivateEndpoint
                0x0000000008005220       0x9c CMakeFiles/USB_Keyboard.elf.dir/Drivers/STM32H7xx_HAL_Driver/Src/stm32h7xx_ll_usb.c.obj
                0x0000000008005220                USB_ActivateEndpoint
 .text.USB_DeactivateEndpoint
                0x00000000080052bc       0xe0 CMakeFiles/USB_Keyboard.elf.dir/Drivers/STM32H7xx_HAL_Driver/Src/stm32h7xx_ll_usb.c.obj
                0x00000000080052bc                USB_DeactivateEndpoint
 .text.USB_EPStopXfer
                0x000000000800539c       0xbe CMakeFiles/USB_Keyboard.elf.dir/Drivers/STM32H7xx_HAL_Driver/Src/stm32h7xx_ll_usb.c.obj
                0x000000000800539c                USB_EPStopXfer
 .text.USB_WritePacket
                0x000000000800545a       0x2e CMakeFiles/USB_Keyboard.elf.dir/Drivers/STM32H7xx_HAL_Driver/Src/stm32h7xx_ll_usb.c.obj
                0x000000000800545a                USB_WritePacket
 .text.USB_EPStartXfer
                0x0000000008005488      0x23c CMakeFiles/USB_Keyboard.elf.dir/Drivers/STM32H7xx_HAL_Driver/Src/stm32h7xx_ll_usb.c.obj
                0x0000000008005488                USB_EPStartXfer
 .text.USB_ReadPacket
                0x00000000080056c4       0x54 CMakeFiles/USB_Keyboard.elf.dir/Drivers/STM32H7xx_HAL_Driver/Src/stm32h7xx_ll_usb.c.obj
                0x00000000080056c4                USB_ReadPacket
 .text.USB_EPSetStall
                0x0000000008005718       0x5a CMakeFiles/USB_Keyboard.elf.dir/Drivers/STM32H7xx_HAL_Driver/Src/stm32h7xx_ll_usb.c.obj
                0x0000000008005718                USB_EPSetStall
 .text.USB_EPClearStall
                0x0000000008005772       0x5c CMakeFiles/USB_Keyboard.elf.dir/Drivers/STM32H7xx_HAL_Driver/Src/stm32h7xx_ll_usb.c.obj
                0x0000000008005772                USB_EPClearStall
 .text.USB_SetDevAddress
                0x00000000080057ce       0x20 CMakeFiles/USB_Keyboard.elf.dir/Drivers/STM32H7xx_HAL_Driver/Src/stm32h7xx_ll_usb.c.obj
                0x00000000080057ce                USB_SetDevAddress
 .text.USB_DevConnect
                0x00000000080057ee       0x1c CMakeFiles/USB_Keyboard.elf.dir/Drivers/STM32H7xx_HAL_Driver/Src/stm32h7xx_ll_usb.c.obj
                0x00000000080057ee                USB_DevConnect
 .text.USB_DevDisconnect
                0x000000000800580a       0x1c CMakeFiles/USB_Keyboard.elf.dir/Drivers/STM32H7xx_HAL_Driver/Src/stm32h7xx_ll_usb.c.obj
                0x000000000800580a                USB_DevDisconnect
 .text.USB_ReadInterrupts
                0x0000000008005826        0x8 CMakeFiles/USB_Keyboard.elf.dir/Drivers/STM32H7xx_HAL_Driver/Src/stm32h7xx_ll_usb.c.obj
                0x0000000008005826                USB_ReadInterrupts
 .text.USB_ReadDevAllOutEpInterrupt
                0x000000000800582e       0x10 CMakeFiles/USB_Keyboard.elf.dir/Drivers/STM32H7xx_HAL_Driver/Src/stm32h7xx_ll_usb.c.obj
                0x000000000800582e                USB_ReadDevAllOutEpInterrupt
 .text.USB_ReadDevAllInEpInterrupt
                0x000000000800583e       0x10 CMakeFiles/USB_Keyboard.elf.dir/Drivers/STM32H7xx_HAL_Driver/Src/stm32h7xx_ll_usb.c.obj
                0x000000000800583e                USB_ReadDevAllInEpInterrupt
 .text.USB_ReadDevOutEPInterrupt
                0x000000000800584e       0x12 CMakeFiles/USB_Keyboard.elf.dir/Drivers/STM32H7xx_HAL_Driver/Src/stm32h7xx_ll_usb.c.obj
                0x000000000800584e                USB_ReadDevOutEPInterrupt
 .text.USB_ReadDevInEPInterrupt
                0x0000000008005860       0x28 CMakeFiles/USB_Keyboard.elf.dir/Drivers/STM32H7xx_HAL_Driver/Src/stm32h7xx_ll_usb.c.obj
                0x0000000008005860                USB_ReadDevInEPInterrupt
 .text.USB_GetMode
                0x0000000008005888        0x8 CMakeFiles/USB_Keyboard.elf.dir/Drivers/STM32H7xx_HAL_Driver/Src/stm32h7xx_ll_usb.c.obj
                0x0000000008005888                USB_GetMode
 .text.USB_SetCurrentMode
                0x0000000008005890       0x62 CMakeFiles/USB_Keyboard.elf.dir/Drivers/STM32H7xx_HAL_Driver/Src/stm32h7xx_ll_usb.c.obj
                0x0000000008005890                USB_SetCurrentMode
 *fill*         0x00000000080058f2        0x2 
 .text.USB_ActivateSetup
                0x00000000080058f4       0x20 CMakeFiles/USB_Keyboard.elf.dir/Drivers/STM32H7xx_HAL_Driver/Src/stm32h7xx_ll_usb.c.obj
                0x00000000080058f4                USB_ActivateSetup
 .text.USB_EP0_OutStart
                0x0000000008005914       0x60 CMakeFiles/USB_Keyboard.elf.dir/Drivers/STM32H7xx_HAL_Driver/Src/stm32h7xx_ll_usb.c.obj
                0x0000000008005914                USB_EP0_OutStart
 .text.USBD_HID_DataIn
                0x0000000008005974       0x10 CMakeFiles/USB_Keyboard.elf.dir/Middlewares/ST/STM32_USB_Device_Library/Class/HID/Src/usbd_hid.c.obj
 .text.USBD_HID_GetDeviceQualifierDesc
                0x0000000008005984        0xc CMakeFiles/USB_Keyboard.elf.dir/Middlewares/ST/STM32_USB_Device_Library/Class/HID/Src/usbd_hid.c.obj
 .text.USBD_HID_GetOtherSpeedCfgDesc
                0x0000000008005990       0x20 CMakeFiles/USB_Keyboard.elf.dir/Middlewares/ST/STM32_USB_Device_Library/Class/HID/Src/usbd_hid.c.obj
 .text.USBD_HID_GetFSCfgDesc
                0x00000000080059b0       0x20 CMakeFiles/USB_Keyboard.elf.dir/Middlewares/ST/STM32_USB_Device_Library/Class/HID/Src/usbd_hid.c.obj
 .text.USBD_HID_GetHSCfgDesc
                0x00000000080059d0       0x20 CMakeFiles/USB_Keyboard.elf.dir/Middlewares/ST/STM32_USB_Device_Library/Class/HID/Src/usbd_hid.c.obj
 .text.USBD_HID_Setup
                0x00000000080059f0      0x12c CMakeFiles/USB_Keyboard.elf.dir/Middlewares/ST/STM32_USB_Device_Library/Class/HID/Src/usbd_hid.c.obj
 .text.USBD_HID_DeInit
                0x0000000008005b1c       0x30 CMakeFiles/USB_Keyboard.elf.dir/Middlewares/ST/STM32_USB_Device_Library/Class/HID/Src/usbd_hid.c.obj
 .text.USBD_HID_Init
                0x0000000008005b4c       0x50 CMakeFiles/USB_Keyboard.elf.dir/Middlewares/ST/STM32_USB_Device_Library/Class/HID/Src/usbd_hid.c.obj
 .text.USBD_HID_SendReport
                0x0000000008005b9c       0x44 CMakeFiles/USB_Keyboard.elf.dir/Middlewares/ST/STM32_USB_Device_Library/Class/HID/Src/usbd_hid.c.obj
                0x0000000008005b9c                USBD_HID_SendReport
 .text.USBD_Init
                0x0000000008005be0       0x2e CMakeFiles/USB_Keyboard.elf.dir/Middlewares/ST/STM32_USB_Device_Library/Core/Src/usbd_core.c.obj
                0x0000000008005be0                USBD_Init
 .text.USBD_RegisterClass
                0x0000000008005c0e       0x34 CMakeFiles/USB_Keyboard.elf.dir/Middlewares/ST/STM32_USB_Device_Library/Core/Src/usbd_core.c.obj
                0x0000000008005c0e                USBD_RegisterClass
 .text.USBD_Start
                0x0000000008005c42        0x8 CMakeFiles/USB_Keyboard.elf.dir/Middlewares/ST/STM32_USB_Device_Library/Core/Src/usbd_core.c.obj
                0x0000000008005c42                USBD_Start
 .text.USBD_SetClassConfig
                0x0000000008005c4a       0x12 CMakeFiles/USB_Keyboard.elf.dir/Middlewares/ST/STM32_USB_Device_Library/Core/Src/usbd_core.c.obj
                0x0000000008005c4a                USBD_SetClassConfig
 .text.USBD_ClrClassConfig
                0x0000000008005c5c       0x12 CMakeFiles/USB_Keyboard.elf.dir/Middlewares/ST/STM32_USB_Device_Library/Core/Src/usbd_core.c.obj
                0x0000000008005c5c                USBD_ClrClassConfig
 .text.USBD_LL_SetupStage
                0x0000000008005c6e       0x58 CMakeFiles/USB_Keyboard.elf.dir/Middlewares/ST/STM32_USB_Device_Library/Core/Src/usbd_core.c.obj
                0x0000000008005c6e                USBD_LL_SetupStage
 .text.USBD_LL_Reset
                0x0000000008005cc6       0x64 CMakeFiles/USB_Keyboard.elf.dir/Middlewares/ST/STM32_USB_Device_Library/Core/Src/usbd_core.c.obj
                0x0000000008005cc6                USBD_LL_Reset
 .text.USBD_LL_SetSpeed
                0x0000000008005d2a        0x6 CMakeFiles/USB_Keyboard.elf.dir/Middlewares/ST/STM32_USB_Device_Library/Core/Src/usbd_core.c.obj
                0x0000000008005d2a                USBD_LL_SetSpeed
 .text.USBD_LL_Suspend
                0x0000000008005d30       0x1e CMakeFiles/USB_Keyboard.elf.dir/Middlewares/ST/STM32_USB_Device_Library/Core/Src/usbd_core.c.obj
                0x0000000008005d30                USBD_LL_Suspend
 .text.USBD_LL_Resume
                0x0000000008005d4e       0x1a CMakeFiles/USB_Keyboard.elf.dir/Middlewares/ST/STM32_USB_Device_Library/Core/Src/usbd_core.c.obj
                0x0000000008005d4e                USBD_LL_Resume
 .text.USBD_LL_SOF
                0x0000000008005d68       0x22 CMakeFiles/USB_Keyboard.elf.dir/Middlewares/ST/STM32_USB_Device_Library/Core/Src/usbd_core.c.obj
                0x0000000008005d68                USBD_LL_SOF
 .text.USBD_LL_IsoINIncomplete
                0x0000000008005d8a       0x2e CMakeFiles/USB_Keyboard.elf.dir/Middlewares/ST/STM32_USB_Device_Library/Core/Src/usbd_core.c.obj
                0x0000000008005d8a                USBD_LL_IsoINIncomplete
 .text.USBD_LL_IsoOUTIncomplete
                0x0000000008005db8       0x2e CMakeFiles/USB_Keyboard.elf.dir/Middlewares/ST/STM32_USB_Device_Library/Core/Src/usbd_core.c.obj
                0x0000000008005db8                USBD_LL_IsoOUTIncomplete
 .text.USBD_LL_DevConnected
                0x0000000008005de6        0x4 CMakeFiles/USB_Keyboard.elf.dir/Middlewares/ST/STM32_USB_Device_Library/Core/Src/usbd_core.c.obj
                0x0000000008005de6                USBD_LL_DevConnected
 .text.USBD_LL_DevDisconnected
                0x0000000008005dea       0x20 CMakeFiles/USB_Keyboard.elf.dir/Middlewares/ST/STM32_USB_Device_Library/Core/Src/usbd_core.c.obj
                0x0000000008005dea                USBD_LL_DevDisconnected
 .text.USBD_CoreFindIF
                0x0000000008005e0a        0x4 CMakeFiles/USB_Keyboard.elf.dir/Middlewares/ST/STM32_USB_Device_Library/Core/Src/usbd_core.c.obj
                0x0000000008005e0a                USBD_CoreFindIF
 .text.USBD_CoreFindEP
                0x0000000008005e0e        0x4 CMakeFiles/USB_Keyboard.elf.dir/Middlewares/ST/STM32_USB_Device_Library/Core/Src/usbd_core.c.obj
                0x0000000008005e0e                USBD_CoreFindEP
 .text.USBD_LL_DataOutStage
                0x0000000008005e12       0xc6 CMakeFiles/USB_Keyboard.elf.dir/Middlewares/ST/STM32_USB_Device_Library/Core/Src/usbd_core.c.obj
                0x0000000008005e12                USBD_LL_DataOutStage
 .text.USBD_LL_DataInStage
                0x0000000008005ed8       0xd6 CMakeFiles/USB_Keyboard.elf.dir/Middlewares/ST/STM32_USB_Device_Library/Core/Src/usbd_core.c.obj
                0x0000000008005ed8                USBD_LL_DataInStage
 .text.USBD_GetNextDesc
                0x0000000008005fae        0xe CMakeFiles/USB_Keyboard.elf.dir/Middlewares/ST/STM32_USB_Device_Library/Core/Src/usbd_core.c.obj
                0x0000000008005fae                USBD_GetNextDesc
 .text.USBD_GetEpDesc
                0x0000000008005fbc       0x3e CMakeFiles/USB_Keyboard.elf.dir/Middlewares/ST/STM32_USB_Device_Library/Core/Src/usbd_core.c.obj
                0x0000000008005fbc                USBD_GetEpDesc
 .text.USBD_GetLen
                0x0000000008005ffa       0x14 CMakeFiles/USB_Keyboard.elf.dir/Middlewares/ST/STM32_USB_Device_Library/Core/Src/usbd_ctlreq.c.obj
 .text.USBD_ParseSetupRequest
                0x000000000800600e       0x28 CMakeFiles/USB_Keyboard.elf.dir/Middlewares/ST/STM32_USB_Device_Library/Core/Src/usbd_ctlreq.c.obj
                0x000000000800600e                USBD_ParseSetupRequest
 .text.USBD_CtlError
                0x0000000008006036       0x14 CMakeFiles/USB_Keyboard.elf.dir/Middlewares/ST/STM32_USB_Device_Library/Core/Src/usbd_ctlreq.c.obj
                0x0000000008006036                USBD_CtlError
 .text.USBD_GetDescriptor
                0x000000000800604a      0x18a CMakeFiles/USB_Keyboard.elf.dir/Middlewares/ST/STM32_USB_Device_Library/Core/Src/usbd_ctlreq.c.obj
 .text.USBD_SetAddress
                0x00000000080061d4       0x50 CMakeFiles/USB_Keyboard.elf.dir/Middlewares/ST/STM32_USB_Device_Library/Core/Src/usbd_ctlreq.c.obj
 .text.USBD_SetConfig
                0x0000000008006224       0xcc CMakeFiles/USB_Keyboard.elf.dir/Middlewares/ST/STM32_USB_Device_Library/Core/Src/usbd_ctlreq.c.obj
 .text.USBD_GetConfig
                0x00000000080062f0       0x40 CMakeFiles/USB_Keyboard.elf.dir/Middlewares/ST/STM32_USB_Device_Library/Core/Src/usbd_ctlreq.c.obj
 .text.USBD_GetStatus
                0x0000000008006330       0x38 CMakeFiles/USB_Keyboard.elf.dir/Middlewares/ST/STM32_USB_Device_Library/Core/Src/usbd_ctlreq.c.obj
 .text.USBD_SetFeature
                0x0000000008006368       0x2a CMakeFiles/USB_Keyboard.elf.dir/Middlewares/ST/STM32_USB_Device_Library/Core/Src/usbd_ctlreq.c.obj
 .text.USBD_ClrFeature
                0x0000000008006392       0x26 CMakeFiles/USB_Keyboard.elf.dir/Middlewares/ST/STM32_USB_Device_Library/Core/Src/usbd_ctlreq.c.obj
 .text.USBD_StdDevReq
                0x00000000080063b8       0x76 CMakeFiles/USB_Keyboard.elf.dir/Middlewares/ST/STM32_USB_Device_Library/Core/Src/usbd_ctlreq.c.obj
                0x00000000080063b8                USBD_StdDevReq
 .text.USBD_StdItfReq
                0x000000000800642e       0x84 CMakeFiles/USB_Keyboard.elf.dir/Middlewares/ST/STM32_USB_Device_Library/Core/Src/usbd_ctlreq.c.obj
                0x000000000800642e                USBD_StdItfReq
 .text.USBD_StdEPReq
                0x00000000080064b2      0x232 CMakeFiles/USB_Keyboard.elf.dir/Middlewares/ST/STM32_USB_Device_Library/Core/Src/usbd_ctlreq.c.obj
                0x00000000080064b2                USBD_StdEPReq
 .text.USBD_GetString
                0x00000000080066e4       0x3a CMakeFiles/USB_Keyboard.elf.dir/Middlewares/ST/STM32_USB_Device_Library/Core/Src/usbd_ctlreq.c.obj
                0x00000000080066e4                USBD_GetString
 .text.USBD_CtlSendData
                0x000000000800671e       0x1a CMakeFiles/USB_Keyboard.elf.dir/Middlewares/ST/STM32_USB_Device_Library/Core/Src/usbd_ioreq.c.obj
                0x000000000800671e                USBD_CtlSendData
 .text.USBD_CtlContinueSendData
                0x0000000008006738       0x10 CMakeFiles/USB_Keyboard.elf.dir/Middlewares/ST/STM32_USB_Device_Library/Core/Src/usbd_ioreq.c.obj
                0x0000000008006738                USBD_CtlContinueSendData
 .text.USBD_CtlContinueRx
                0x0000000008006748       0x10 CMakeFiles/USB_Keyboard.elf.dir/Middlewares/ST/STM32_USB_Device_Library/Core/Src/usbd_ioreq.c.obj
                0x0000000008006748                USBD_CtlContinueRx
 .text.USBD_CtlSendStatus
                0x0000000008006758       0x16 CMakeFiles/USB_Keyboard.elf.dir/Middlewares/ST/STM32_USB_Device_Library/Core/Src/usbd_ioreq.c.obj
                0x0000000008006758                USBD_CtlSendStatus
 .text.USBD_CtlReceiveStatus
                0x000000000800676e       0x16 CMakeFiles/USB_Keyboard.elf.dir/Middlewares/ST/STM32_USB_Device_Library/Core/Src/usbd_ioreq.c.obj
                0x000000000800676e                USBD_CtlReceiveStatus
 .text.MX_USB_DEVICE_Init
                0x0000000008006784       0x44 CMakeFiles/USB_Keyboard.elf.dir/USB_DEVICE/App/usb_device.c.obj
                0x0000000008006784                MX_USB_DEVICE_Init
 .text.USBD_FS_DeviceDescriptor
                0x00000000080067c8        0xc CMakeFiles/USB_Keyboard.elf.dir/USB_DEVICE/App/usbd_desc.c.obj
                0x00000000080067c8                USBD_FS_DeviceDescriptor
 .text.USBD_FS_LangIDStrDescriptor
                0x00000000080067d4        0xc CMakeFiles/USB_Keyboard.elf.dir/USB_DEVICE/App/usbd_desc.c.obj
                0x00000000080067d4                USBD_FS_LangIDStrDescriptor
 .text.IntToUnicode
                0x00000000080067e0       0x46 CMakeFiles/USB_Keyboard.elf.dir/USB_DEVICE/App/usbd_desc.c.obj
 *fill*         0x0000000008006826        0x2 
 .text.Get_SerialNum
                0x0000000008006828       0x38 CMakeFiles/USB_Keyboard.elf.dir/USB_DEVICE/App/usbd_desc.c.obj
 .text.USBD_FS_SerialStrDescriptor
                0x0000000008006860       0x14 CMakeFiles/USB_Keyboard.elf.dir/USB_DEVICE/App/usbd_desc.c.obj
                0x0000000008006860                USBD_FS_SerialStrDescriptor
 .text.USBD_FS_ProductStrDescriptor
                0x0000000008006874       0x24 CMakeFiles/USB_Keyboard.elf.dir/USB_DEVICE/App/usbd_desc.c.obj
                0x0000000008006874                USBD_FS_ProductStrDescriptor
 .text.USBD_FS_ManufacturerStrDescriptor
                0x0000000008006898       0x1c CMakeFiles/USB_Keyboard.elf.dir/USB_DEVICE/App/usbd_desc.c.obj
                0x0000000008006898                USBD_FS_ManufacturerStrDescriptor
 .text.USBD_FS_ConfigStrDescriptor
                0x00000000080068b4       0x24 CMakeFiles/USB_Keyboard.elf.dir/USB_DEVICE/App/usbd_desc.c.obj
                0x00000000080068b4                USBD_FS_ConfigStrDescriptor
 .text.USBD_FS_InterfaceStrDescriptor
                0x00000000080068d8       0x24 CMakeFiles/USB_Keyboard.elf.dir/USB_DEVICE/App/usbd_desc.c.obj
                0x00000000080068d8                USBD_FS_InterfaceStrDescriptor
 .text.HAL_PCD_MspInit
                0x00000000080068fc       0xb4 CMakeFiles/USB_Keyboard.elf.dir/USB_DEVICE/Target/usbd_conf.c.obj
                0x00000000080068fc                HAL_PCD_MspInit
 .text.HAL_PCD_SetupStageCallback
                0x00000000080069b0       0x10 CMakeFiles/USB_Keyboard.elf.dir/USB_DEVICE/Target/usbd_conf.c.obj
                0x00000000080069b0                HAL_PCD_SetupStageCallback
 .text.HAL_PCD_DataOutStageCallback
                0x00000000080069c0       0x18 CMakeFiles/USB_Keyboard.elf.dir/USB_DEVICE/Target/usbd_conf.c.obj
                0x00000000080069c0                HAL_PCD_DataOutStageCallback
 .text.HAL_PCD_DataInStageCallback
                0x00000000080069d8       0x16 CMakeFiles/USB_Keyboard.elf.dir/USB_DEVICE/Target/usbd_conf.c.obj
                0x00000000080069d8                HAL_PCD_DataInStageCallback
 .text.HAL_PCD_SOFCallback
                0x00000000080069ee        0xc CMakeFiles/USB_Keyboard.elf.dir/USB_DEVICE/Target/usbd_conf.c.obj
                0x00000000080069ee                HAL_PCD_SOFCallback
 .text.HAL_PCD_ResetCallback
                0x00000000080069fa       0x2c CMakeFiles/USB_Keyboard.elf.dir/USB_DEVICE/Target/usbd_conf.c.obj
                0x00000000080069fa                HAL_PCD_ResetCallback
 *fill*         0x0000000008006a26        0x2 
 .text.HAL_PCD_SuspendCallback
                0x0000000008006a28       0x30 CMakeFiles/USB_Keyboard.elf.dir/USB_DEVICE/Target/usbd_conf.c.obj
                0x0000000008006a28                HAL_PCD_SuspendCallback
 .text.HAL_PCD_ResumeCallback
                0x0000000008006a58        0xc CMakeFiles/USB_Keyboard.elf.dir/USB_DEVICE/Target/usbd_conf.c.obj
                0x0000000008006a58                HAL_PCD_ResumeCallback
 .text.HAL_PCD_ISOOUTIncompleteCallback
                0x0000000008006a64        0xc CMakeFiles/USB_Keyboard.elf.dir/USB_DEVICE/Target/usbd_conf.c.obj
                0x0000000008006a64                HAL_PCD_ISOOUTIncompleteCallback
 .text.HAL_PCD_ISOINIncompleteCallback
                0x0000000008006a70        0xc CMakeFiles/USB_Keyboard.elf.dir/USB_DEVICE/Target/usbd_conf.c.obj
                0x0000000008006a70                HAL_PCD_ISOINIncompleteCallback
 .text.HAL_PCD_ConnectCallback
                0x0000000008006a7c        0xc CMakeFiles/USB_Keyboard.elf.dir/USB_DEVICE/Target/usbd_conf.c.obj
                0x0000000008006a7c                HAL_PCD_ConnectCallback
 .text.HAL_PCD_DisconnectCallback
                0x0000000008006a88        0xc CMakeFiles/USB_Keyboard.elf.dir/USB_DEVICE/Target/usbd_conf.c.obj
                0x0000000008006a88                HAL_PCD_DisconnectCallback
 .text.USBD_LL_Init
                0x0000000008006a94       0x6c CMakeFiles/USB_Keyboard.elf.dir/USB_DEVICE/Target/usbd_conf.c.obj
                0x0000000008006a94                USBD_LL_Init
 .text.USBD_LL_IsStallEP
                0x0000000008006b00       0x2e CMakeFiles/USB_Keyboard.elf.dir/USB_DEVICE/Target/usbd_conf.c.obj
                0x0000000008006b00                USBD_LL_IsStallEP
 *fill*         0x0000000008006b2e        0x2 
 .text.USBD_static_malloc
                0x0000000008006b30        0x8 CMakeFiles/USB_Keyboard.elf.dir/USB_DEVICE/Target/usbd_conf.c.obj
                0x0000000008006b30                USBD_static_malloc
 .text.USBD_static_free
                0x0000000008006b38        0x2 CMakeFiles/USB_Keyboard.elf.dir/USB_DEVICE/Target/usbd_conf.c.obj
                0x0000000008006b38                USBD_static_free
 .text.USBD_Get_USB_Status
                0x0000000008006b3a       0x14 CMakeFiles/USB_Keyboard.elf.dir/USB_DEVICE/Target/usbd_conf.c.obj
                0x0000000008006b3a                USBD_Get_USB_Status
 .text.USBD_LL_Start
                0x0000000008006b4e       0x10 CMakeFiles/USB_Keyboard.elf.dir/USB_DEVICE/Target/usbd_conf.c.obj
                0x0000000008006b4e                USBD_LL_Start
 .text.USBD_LL_OpenEP
                0x0000000008006b5e       0x16 CMakeFiles/USB_Keyboard.elf.dir/USB_DEVICE/Target/usbd_conf.c.obj
                0x0000000008006b5e                USBD_LL_OpenEP
 .text.USBD_LL_CloseEP
                0x0000000008006b74       0x10 CMakeFiles/USB_Keyboard.elf.dir/USB_DEVICE/Target/usbd_conf.c.obj
                0x0000000008006b74                USBD_LL_CloseEP
 .text.USBD_LL_StallEP
                0x0000000008006b84       0x10 CMakeFiles/USB_Keyboard.elf.dir/USB_DEVICE/Target/usbd_conf.c.obj
                0x0000000008006b84                USBD_LL_StallEP
 .text.USBD_LL_ClearStallEP
                0x0000000008006b94       0x10 CMakeFiles/USB_Keyboard.elf.dir/USB_DEVICE/Target/usbd_conf.c.obj
                0x0000000008006b94                USBD_LL_ClearStallEP
 .text.USBD_LL_SetUSBAddress
                0x0000000008006ba4       0x10 CMakeFiles/USB_Keyboard.elf.dir/USB_DEVICE/Target/usbd_conf.c.obj
                0x0000000008006ba4                USBD_LL_SetUSBAddress
 .text.USBD_LL_Transmit
                0x0000000008006bb4       0x10 CMakeFiles/USB_Keyboard.elf.dir/USB_DEVICE/Target/usbd_conf.c.obj
                0x0000000008006bb4                USBD_LL_Transmit
 .text.USBD_LL_PrepareReceive
                0x0000000008006bc4       0x10 CMakeFiles/USB_Keyboard.elf.dir/USB_DEVICE/Target/usbd_conf.c.obj
                0x0000000008006bc4                USBD_LL_PrepareReceive
 .text.__udivmoddi4
                0x0000000008006bd4      0x2d0 /usr/local/arm/gcc-arm-10.3-2021.07-x86_64-arm-none-eabi/bin/../lib/gcc/arm-none-eabi/10.3.1/thumb/v7e-m+fp/hard/libgcc.a(_udivmoddi4.o)
                0x0000000008006bd4                __udivmoddi4
 .text.__libc_init_array
                0x0000000008006ea4       0x48 /usr/local/arm/gcc-arm-10.3-2021.07-x86_64-arm-none-eabi/bin/../lib/gcc/arm-none-eabi/10.3.1/../../../../arm-none-eabi/lib/thumb/v7e-m+fp/hard/libg.a(lib_a-init.o)
                0x0000000008006ea4                __libc_init_array
 .text.memset   0x0000000008006eec       0xa4 /usr/local/arm/gcc-arm-10.3-2021.07-x86_64-arm-none-eabi/bin/../lib/gcc/arm-none-eabi/10.3.1/../../../../arm-none-eabi/lib/thumb/v7e-m+fp/hard/libg.a(lib_a-memset.o)
                0x0000000008006eec                memset
 *(.glue_7)
 .glue_7        0x0000000008006f90        0x0 linker stubs
 *(.glue_7t)
 .glue_7t       0x0000000008006f90        0x0 linker stubs
 *(.eh_frame)
 .eh_frame      0x0000000008006f90        0x0 /usr/local/arm/gcc-arm-10.3-2021.07-x86_64-arm-none-eabi/bin/../lib/gcc/arm-none-eabi/10.3.1/thumb/v7e-m+fp/hard/crtbegin.o
 *(.init)
 .init          0x0000000008006f90        0x4 /usr/local/arm/gcc-arm-10.3-2021.07-x86_64-arm-none-eabi/bin/../lib/gcc/arm-none-eabi/10.3.1/thumb/v7e-m+fp/hard/crti.o
                0x0000000008006f90                _init
 .init          0x0000000008006f94        0x8 /usr/local/arm/gcc-arm-10.3-2021.07-x86_64-arm-none-eabi/bin/../lib/gcc/arm-none-eabi/10.3.1/thumb/v7e-m+fp/hard/crtn.o
 *(.fini)
 .fini          0x0000000008006f9c        0x4 /usr/local/arm/gcc-arm-10.3-2021.07-x86_64-arm-none-eabi/bin/../lib/gcc/arm-none-eabi/10.3.1/thumb/v7e-m+fp/hard/crti.o
                0x0000000008006f9c                _fini
 .fini          0x0000000008006fa0        0x8 /usr/local/arm/gcc-arm-10.3-2021.07-x86_64-arm-none-eabi/bin/../lib/gcc/arm-none-eabi/10.3.1/thumb/v7e-m+fp/hard/crtn.o
                0x0000000008006fa8                . = ALIGN (0x4)
                0x0000000008006fa8                _etext = .

.vfp11_veneer   0x0000000008006fa8        0x0
 .vfp11_veneer  0x0000000008006fa8        0x0 linker stubs

.v4_bx          0x0000000008006fa8        0x0
 .v4_bx         0x0000000008006fa8        0x0 linker stubs

.iplt           0x0000000008006fa8        0x0
 .iplt          0x0000000008006fa8        0x0 /usr/local/arm/gcc-arm-10.3-2021.07-x86_64-arm-none-eabi/bin/../lib/gcc/arm-none-eabi/10.3.1/thumb/v7e-m+fp/hard/crtbegin.o

.rodata         0x0000000008006fa8       0x90
                0x0000000008006fa8                . = ALIGN (0x4)
 *(.rodata)
 .rodata        0x0000000008006fa8        0x8 CMakeFiles/USB_Keyboard.elf.dir/Core/Src/main.c.obj
 *(.rodata*)
 .rodata.D1CorePrescTable
                0x0000000008006fb0       0x10 CMakeFiles/USB_Keyboard.elf.dir/Core/Src/system_stm32h7xx.c.obj
                0x0000000008006fb0                D1CorePrescTable
 .rodata.flagBitshiftOffset.0
                0x0000000008006fc0        0x8 CMakeFiles/USB_Keyboard.elf.dir/Drivers/STM32H7xx_HAL_Driver/Src/stm32h7xx_hal_dma.c.obj
 .rodata.UARTPrescTable
                0x0000000008006fc8       0x18 CMakeFiles/USB_Keyboard.elf.dir/Drivers/STM32H7xx_HAL_Driver/Src/stm32h7xx_hal_uart.c.obj
                0x0000000008006fc8                UARTPrescTable
 .rodata.denominator.0
                0x0000000008006fe0        0x8 CMakeFiles/USB_Keyboard.elf.dir/Drivers/STM32H7xx_HAL_Driver/Src/stm32h7xx_hal_uart_ex.c.obj
 .rodata.numerator.1
                0x0000000008006fe8        0x8 CMakeFiles/USB_Keyboard.elf.dir/Drivers/STM32H7xx_HAL_Driver/Src/stm32h7xx_hal_uart_ex.c.obj
 .rodata.USBD_FS_ProductStrDescriptor.str1.4
                0x0000000008006ff0       0x16 CMakeFiles/USB_Keyboard.elf.dir/USB_DEVICE/App/usbd_desc.c.obj
 *fill*         0x0000000008007006        0x2 
 .rodata.USBD_FS_ManufacturerStrDescriptor.str1.4
                0x0000000008007008       0x13 CMakeFiles/USB_Keyboard.elf.dir/USB_DEVICE/App/usbd_desc.c.obj
 *fill*         0x000000000800701b        0x1 
 .rodata.USBD_FS_ConfigStrDescriptor.str1.4
                0x000000000800701c        0xb CMakeFiles/USB_Keyboard.elf.dir/USB_DEVICE/App/usbd_desc.c.obj
 *fill*         0x0000000008007027        0x1 
 .rodata.USBD_FS_InterfaceStrDescriptor.str1.4
                0x0000000008007028        0xe CMakeFiles/USB_Keyboard.elf.dir/USB_DEVICE/App/usbd_desc.c.obj
                0x0000000008007038                . = ALIGN (0x4)
 *fill*         0x0000000008007036        0x2 

.ARM.extab
 *(.ARM.extab* .gnu.linkonce.armextab.*)

.ARM            0x0000000008007038        0x8
                0x0000000008007038                __exidx_start = .
 *(.ARM.exidx*)
 .ARM.exidx.text.__udivmoddi4
                0x0000000008007038        0x8 /usr/local/arm/gcc-arm-10.3-2021.07-x86_64-arm-none-eabi/bin/../lib/gcc/arm-none-eabi/10.3.1/thumb/v7e-m+fp/hard/libgcc.a(_udivmoddi4.o)
                0x0000000008007040                __exidx_end = .

.rel.dyn        0x0000000008007040        0x0
 .rel.iplt      0x0000000008007040        0x0 /usr/local/arm/gcc-arm-10.3-2021.07-x86_64-arm-none-eabi/bin/../lib/gcc/arm-none-eabi/10.3.1/thumb/v7e-m+fp/hard/crtbegin.o

.preinit_array  0x0000000008007040        0x0
                0x0000000008007040                PROVIDE (__preinit_array_start = .)
 *(.preinit_array*)
                0x0000000008007040                PROVIDE (__preinit_array_end = .)

.init_array     0x0000000008007040        0x4
                0x0000000008007040                PROVIDE (__init_array_start = .)
 *(SORT_BY_NAME(.init_array.*))
 *(.init_array*)
 .init_array    0x0000000008007040        0x4 /usr/local/arm/gcc-arm-10.3-2021.07-x86_64-arm-none-eabi/bin/../lib/gcc/arm-none-eabi/10.3.1/thumb/v7e-m+fp/hard/crtbegin.o
                0x0000000008007044                PROVIDE (__init_array_end = .)

.fini_array     0x0000000008007044        0x4
                0x0000000008007044                PROVIDE (__fini_array_start = .)
 *(SORT_BY_NAME(.fini_array.*))
 *(.fini_array*)
 .fini_array    0x0000000008007044        0x4 /usr/local/arm/gcc-arm-10.3-2021.07-x86_64-arm-none-eabi/bin/../lib/gcc/arm-none-eabi/10.3.1/thumb/v7e-m+fp/hard/crtbegin.o
                0x0000000008007048                PROVIDE (__fini_array_end = .)
                0x0000000008007048                _sidata = LOADADDR (.data)

.data           0x0000000024000000      0x114 load address 0x0000000008007048
                0x0000000024000000                . = ALIGN (0x4)
                0x0000000024000000                _sdata = .
 *(.data)
 *(.data*)
 .data.SystemCoreClock
                0x0000000024000000        0x4 CMakeFiles/USB_Keyboard.elf.dir/Core/Src/system_stm32h7xx.c.obj
                0x0000000024000000                SystemCoreClock
 .data.SystemD2Clock
                0x0000000024000004        0x4 CMakeFiles/USB_Keyboard.elf.dir/Core/Src/system_stm32h7xx.c.obj
                0x0000000024000004                SystemD2Clock
 .data.uwTickFreq
                0x0000000024000008        0x1 CMakeFiles/USB_Keyboard.elf.dir/Drivers/STM32H7xx_HAL_Driver/Src/stm32h7xx_hal.c.obj
                0x0000000024000008                uwTickFreq
 *fill*         0x0000000024000009        0x3 
 .data.uwTickPrio
                0x000000002400000c        0x4 CMakeFiles/USB_Keyboard.elf.dir/Drivers/STM32H7xx_HAL_Driver/Src/stm32h7xx_hal.c.obj
                0x000000002400000c                uwTickPrio
 .data.HID_MOUSE_ReportDesc
                0x0000000024000010       0x3f CMakeFiles/USB_Keyboard.elf.dir/Middlewares/ST/STM32_USB_Device_Library/Class/HID/Src/usbd_hid.c.obj
 *fill*         0x000000002400004f        0x1 
 .data.USBD_HID
                0x0000000024000050       0x38 CMakeFiles/USB_Keyboard.elf.dir/Middlewares/ST/STM32_USB_Device_Library/Class/HID/Src/usbd_hid.c.obj
                0x0000000024000050                USBD_HID
 .data.USBD_HID_CfgDesc
                0x0000000024000088       0x22 CMakeFiles/USB_Keyboard.elf.dir/Middlewares/ST/STM32_USB_Device_Library/Class/HID/Src/usbd_hid.c.obj
 *fill*         0x00000000240000aa        0x2 
 .data.USBD_HID_Desc
                0x00000000240000ac        0x9 CMakeFiles/USB_Keyboard.elf.dir/Middlewares/ST/STM32_USB_Device_Library/Class/HID/Src/usbd_hid.c.obj
 *fill*         0x00000000240000b5        0x3 
 .data.USBD_HID_DeviceQualifierDesc
                0x00000000240000b8        0xa CMakeFiles/USB_Keyboard.elf.dir/Middlewares/ST/STM32_USB_Device_Library/Class/HID/Src/usbd_hid.c.obj
 *fill*         0x00000000240000c2        0x2 
 .data.FS_Desc  0x00000000240000c4       0x1c CMakeFiles/USB_Keyboard.elf.dir/USB_DEVICE/App/usbd_desc.c.obj
                0x00000000240000c4                FS_Desc
 .data.USBD_FS_DeviceDesc
                0x00000000240000e0       0x12 CMakeFiles/USB_Keyboard.elf.dir/USB_DEVICE/App/usbd_desc.c.obj
                0x00000000240000e0                USBD_FS_DeviceDesc
 *fill*         0x00000000240000f2        0x2 
 .data.USBD_LangIDDesc
                0x00000000240000f4        0x4 CMakeFiles/USB_Keyboard.elf.dir/USB_DEVICE/App/usbd_desc.c.obj
                0x00000000240000f4                USBD_LangIDDesc
 .data.USBD_StringSerial
                0x00000000240000f8       0x1a CMakeFiles/USB_Keyboard.elf.dir/USB_DEVICE/App/usbd_desc.c.obj
                0x00000000240000f8                USBD_StringSerial
 *(.RamFunc)
 *(.RamFunc*)
                0x0000000024000114                . = ALIGN (0x4)
 *fill*         0x0000000024000112        0x2 
                0x0000000024000114                _edata = .

.tm_clone_table
                0x0000000024000114        0x0 load address 0x000000000800715c
 .tm_clone_table
                0x0000000024000114        0x0 /usr/local/arm/gcc-arm-10.3-2021.07-x86_64-arm-none-eabi/bin/../lib/gcc/arm-none-eabi/10.3.1/thumb/v7e-m+fp/hard/crtbegin.o
 .tm_clone_table
                0x0000000024000114        0x0 /usr/local/arm/gcc-arm-10.3-2021.07-x86_64-arm-none-eabi/bin/../lib/gcc/arm-none-eabi/10.3.1/thumb/v7e-m+fp/hard/crtend.o

.igot.plt       0x0000000024000114        0x0 load address 0x000000000800715c
 .igot.plt      0x0000000024000114        0x0 /usr/local/arm/gcc-arm-10.3-2021.07-x86_64-arm-none-eabi/bin/../lib/gcc/arm-none-eabi/10.3.1/thumb/v7e-m+fp/hard/crtbegin.o
                0x0000000024000114                . = ALIGN (0x4)

.bss            0x0000000024000114      0xb2c load address 0x000000000800715c
                0x0000000024000114                _sbss = .
                0x0000000024000114                __bss_start__ = _sbss
 *(.bss)
 *(.bss*)
 .bss.completed.1
                0x0000000024000114        0x1 /usr/local/arm/gcc-arm-10.3-2021.07-x86_64-arm-none-eabi/bin/../lib/gcc/arm-none-eabi/10.3.1/thumb/v7e-m+fp/hard/crtbegin.o
 *fill*         0x0000000024000115        0x3 
 .bss.object.0  0x0000000024000118       0x18 /usr/local/arm/gcc-arm-10.3-2021.07-x86_64-arm-none-eabi/bin/../lib/gcc/arm-none-eabi/10.3.1/thumb/v7e-m+fp/hard/crtbegin.o
 .bss.hdma_usart1_rx
                0x0000000024000130       0x78 CMakeFiles/USB_Keyboard.elf.dir/Core/Src/main.c.obj
                0x0000000024000130                hdma_usart1_rx
 .bss.huart1    0x00000000240001a8       0x94 CMakeFiles/USB_Keyboard.elf.dir/Core/Src/main.c.obj
                0x00000000240001a8                huart1
 .bss.uwTick    0x000000002400023c        0x4 CMakeFiles/USB_Keyboard.elf.dir/Drivers/STM32H7xx_HAL_Driver/Src/stm32h7xx_hal.c.obj
                0x000000002400023c                uwTick
 .bss.cfgidx.0  0x0000000024000240        0x1 CMakeFiles/USB_Keyboard.elf.dir/Middlewares/ST/STM32_USB_Device_Library/Core/Src/usbd_ctlreq.c.obj
 *fill*         0x0000000024000241        0x3 
 .bss.hUsbDeviceFS
                0x0000000024000244      0x2dc CMakeFiles/USB_Keyboard.elf.dir/USB_DEVICE/App/usb_device.c.obj
                0x0000000024000244                hUsbDeviceFS
 .bss.USBD_StrDesc
                0x0000000024000520      0x200 CMakeFiles/USB_Keyboard.elf.dir/USB_DEVICE/App/usbd_desc.c.obj
                0x0000000024000520                USBD_StrDesc
 .bss.hpcd_USB_OTG_FS
                0x0000000024000720      0x50c CMakeFiles/USB_Keyboard.elf.dir/USB_DEVICE/Target/usbd_conf.c.obj
                0x0000000024000720                hpcd_USB_OTG_FS
 .bss.mem.0     0x0000000024000c2c       0x14 CMakeFiles/USB_Keyboard.elf.dir/USB_DEVICE/Target/usbd_conf.c.obj
 *(COMMON)
                0x0000000024000c40                . = ALIGN (0x4)
                0x0000000024000c40                _ebss = .
                0x0000000024000c40                __bss_end__ = _ebss

._user_heap_stack
                0x0000000024000c40     0x6000 load address 0x000000000800715c
                0x0000000024000c40                . = ALIGN (0x8)
                [!provide]                        PROVIDE (end = .)
                0x0000000024000c40                PROVIDE (_end = .)
                0x0000000024002c40                . = (. + _Min_Heap_Size)
 *fill*         0x0000000024000c40     0x2000 
                0x0000000024006c40                . = (. + _Min_Stack_Size)
 *fill*         0x0000000024002c40     0x4000 
                0x0000000024006c40                . = ALIGN (0x8)

/DISCARD/
 libc.a(*)
 libm.a(*)
 libgcc.a(*)

.ARM.attributes
                0x0000000000000000       0x30
 *(.ARM.attributes)
 .ARM.attributes
                0x0000000000000000       0x1e /usr/local/arm/gcc-arm-10.3-2021.07-x86_64-arm-none-eabi/bin/../lib/gcc/arm-none-eabi/10.3.1/thumb/v7e-m+fp/hard/crti.o
 .ARM.attributes
                0x000000000000001e       0x34 /usr/local/arm/gcc-arm-10.3-2021.07-x86_64-arm-none-eabi/bin/../lib/gcc/arm-none-eabi/10.3.1/thumb/v7e-m+fp/hard/crtbegin.o
 .ARM.attributes
                0x0000000000000052       0x34 CMakeFiles/USB_Keyboard.elf.dir/Core/Src/main.c.obj
 .ARM.attributes
                0x0000000000000086       0x34 CMakeFiles/USB_Keyboard.elf.dir/Core/Src/stm32h7xx_hal_msp.c.obj
 .ARM.attributes
                0x00000000000000ba       0x34 CMakeFiles/USB_Keyboard.elf.dir/Core/Src/stm32h7xx_it.c.obj
 .ARM.attributes
                0x00000000000000ee       0x34 CMakeFiles/USB_Keyboard.elf.dir/Core/Src/system_stm32h7xx.c.obj
 .ARM.attributes
                0x0000000000000122       0x21 CMakeFiles/USB_Keyboard.elf.dir/Core/Startup/startup_stm32h743vitx.s.obj
 .ARM.attributes
                0x0000000000000143       0x34 CMakeFiles/USB_Keyboard.elf.dir/Drivers/STM32H7xx_HAL_Driver/Src/stm32h7xx_hal.c.obj
 .ARM.attributes
                0x0000000000000177       0x34 CMakeFiles/USB_Keyboard.elf.dir/Drivers/STM32H7xx_HAL_Driver/Src/stm32h7xx_hal_cortex.c.obj
 .ARM.attributes
                0x00000000000001ab       0x34 CMakeFiles/USB_Keyboard.elf.dir/Drivers/STM32H7xx_HAL_Driver/Src/stm32h7xx_hal_dma.c.obj
 .ARM.attributes
                0x00000000000001df       0x34 CMakeFiles/USB_Keyboard.elf.dir/Drivers/STM32H7xx_HAL_Driver/Src/stm32h7xx_hal_gpio.c.obj
 .ARM.attributes
                0x0000000000000213       0x34 CMakeFiles/USB_Keyboard.elf.dir/Drivers/STM32H7xx_HAL_Driver/Src/stm32h7xx_hal_pcd.c.obj
 .ARM.attributes
                0x0000000000000247       0x34 CMakeFiles/USB_Keyboard.elf.dir/Drivers/STM32H7xx_HAL_Driver/Src/stm32h7xx_hal_pcd_ex.c.obj
 .ARM.attributes
                0x000000000000027b       0x34 CMakeFiles/USB_Keyboard.elf.dir/Drivers/STM32H7xx_HAL_Driver/Src/stm32h7xx_hal_pwr_ex.c.obj
 .ARM.attributes
                0x00000000000002af       0x34 CMakeFiles/USB_Keyboard.elf.dir/Drivers/STM32H7xx_HAL_Driver/Src/stm32h7xx_hal_rcc.c.obj
 .ARM.attributes
                0x00000000000002e3       0x34 CMakeFiles/USB_Keyboard.elf.dir/Drivers/STM32H7xx_HAL_Driver/Src/stm32h7xx_hal_rcc_ex.c.obj
 .ARM.attributes
                0x0000000000000317       0x34 CMakeFiles/USB_Keyboard.elf.dir/Drivers/STM32H7xx_HAL_Driver/Src/stm32h7xx_hal_uart.c.obj
 .ARM.attributes
                0x000000000000034b       0x34 CMakeFiles/USB_Keyboard.elf.dir/Drivers/STM32H7xx_HAL_Driver/Src/stm32h7xx_hal_uart_ex.c.obj
 .ARM.attributes
                0x000000000000037f       0x34 CMakeFiles/USB_Keyboard.elf.dir/Drivers/STM32H7xx_HAL_Driver/Src/stm32h7xx_ll_usb.c.obj
 .ARM.attributes
                0x00000000000003b3       0x34 CMakeFiles/USB_Keyboard.elf.dir/Middlewares/ST/STM32_USB_Device_Library/Class/HID/Src/usbd_hid.c.obj
 .ARM.attributes
                0x00000000000003e7       0x34 CMakeFiles/USB_Keyboard.elf.dir/Middlewares/ST/STM32_USB_Device_Library/Core/Src/usbd_core.c.obj
 .ARM.attributes
                0x000000000000041b       0x34 CMakeFiles/USB_Keyboard.elf.dir/Middlewares/ST/STM32_USB_Device_Library/Core/Src/usbd_ctlreq.c.obj
 .ARM.attributes
                0x000000000000044f       0x34 CMakeFiles/USB_Keyboard.elf.dir/Middlewares/ST/STM32_USB_Device_Library/Core/Src/usbd_ioreq.c.obj
 .ARM.attributes
                0x0000000000000483       0x34 CMakeFiles/USB_Keyboard.elf.dir/USB_DEVICE/App/usb_device.c.obj
 .ARM.attributes
                0x00000000000004b7       0x34 CMakeFiles/USB_Keyboard.elf.dir/USB_DEVICE/App/usbd_desc.c.obj
 .ARM.attributes
                0x00000000000004eb       0x34 CMakeFiles/USB_Keyboard.elf.dir/USB_DEVICE/Target/usbd_conf.c.obj
 .ARM.attributes
                0x000000000000051f       0x1e /usr/local/arm/gcc-arm-10.3-2021.07-x86_64-arm-none-eabi/bin/../lib/gcc/arm-none-eabi/10.3.1/thumb/v7e-m+fp/hard/libgcc.a(_aeabi_uldivmod.o)
 .ARM.attributes
                0x000000000000053d       0x34 /usr/local/arm/gcc-arm-10.3-2021.07-x86_64-arm-none-eabi/bin/../lib/gcc/arm-none-eabi/10.3.1/thumb/v7e-m+fp/hard/libgcc.a(_udivmoddi4.o)
 .ARM.attributes
                0x0000000000000571       0x1e /usr/local/arm/gcc-arm-10.3-2021.07-x86_64-arm-none-eabi/bin/../lib/gcc/arm-none-eabi/10.3.1/thumb/v7e-m+fp/hard/libgcc.a(_dvmd_tls.o)
 .ARM.attributes
                0x000000000000058f       0x34 /usr/local/arm/gcc-arm-10.3-2021.07-x86_64-arm-none-eabi/bin/../lib/gcc/arm-none-eabi/10.3.1/../../../../arm-none-eabi/lib/thumb/v7e-m+fp/hard/libg.a(lib_a-init.o)
 .ARM.attributes
                0x00000000000005c3       0x34 /usr/local/arm/gcc-arm-10.3-2021.07-x86_64-arm-none-eabi/bin/../lib/gcc/arm-none-eabi/10.3.1/../../../../arm-none-eabi/lib/thumb/v7e-m+fp/hard/libg.a(lib_a-memset.o)
 .ARM.attributes
                0x00000000000005f7       0x32 /usr/local/arm/gcc-arm-10.3-2021.07-x86_64-arm-none-eabi/bin/../lib/gcc/arm-none-eabi/10.3.1/thumb/v7e-m+fp/hard/crtend.o
 .ARM.attributes
                0x0000000000000629       0x1e /usr/local/arm/gcc-arm-10.3-2021.07-x86_64-arm-none-eabi/bin/../lib/gcc/arm-none-eabi/10.3.1/thumb/v7e-m+fp/hard/crtn.o
OUTPUT(USB_Keyboard.elf elf32-littlearm)
LOAD linker stubs
LOAD /usr/local/arm/gcc-arm-10.3-2021.07-x86_64-arm-none-eabi/bin/../lib/gcc/arm-none-eabi/10.3.1/../../../../arm-none-eabi/lib/thumb/v7e-m+fp/hard/libc.a
LOAD /usr/local/arm/gcc-arm-10.3-2021.07-x86_64-arm-none-eabi/bin/../lib/gcc/arm-none-eabi/10.3.1/../../../../arm-none-eabi/lib/thumb/v7e-m+fp/hard/libm.a
LOAD /usr/local/arm/gcc-arm-10.3-2021.07-x86_64-arm-none-eabi/bin/../lib/gcc/arm-none-eabi/10.3.1/thumb/v7e-m+fp/hard/libgcc.a

.comment        0x0000000000000000       0x5d
 .comment       0x0000000000000000       0x5d /usr/local/arm/gcc-arm-10.3-2021.07-x86_64-arm-none-eabi/bin/../lib/gcc/arm-none-eabi/10.3.1/thumb/v7e-m+fp/hard/crtbegin.o
                                         0x5e (size before relaxing)
 .comment       0x000000000000005d       0x5e CMakeFiles/USB_Keyboard.elf.dir/Core/Src/main.c.obj
 .comment       0x000000000000005d       0x5e CMakeFiles/USB_Keyboard.elf.dir/Core/Src/stm32h7xx_hal_msp.c.obj
 .comment       0x000000000000005d       0x5e CMakeFiles/USB_Keyboard.elf.dir/Core/Src/stm32h7xx_it.c.obj
 .comment       0x000000000000005d       0x5e CMakeFiles/USB_Keyboard.elf.dir/Core/Src/system_stm32h7xx.c.obj
 .comment       0x000000000000005d       0x5e CMakeFiles/USB_Keyboard.elf.dir/Drivers/STM32H7xx_HAL_Driver/Src/stm32h7xx_hal.c.obj
 .comment       0x000000000000005d       0x5e CMakeFiles/USB_Keyboard.elf.dir/Drivers/STM32H7xx_HAL_Driver/Src/stm32h7xx_hal_cortex.c.obj
 .comment       0x000000000000005d       0x5e CMakeFiles/USB_Keyboard.elf.dir/Drivers/STM32H7xx_HAL_Driver/Src/stm32h7xx_hal_dma.c.obj
 .comment       0x000000000000005d       0x5e CMakeFiles/USB_Keyboard.elf.dir/Drivers/STM32H7xx_HAL_Driver/Src/stm32h7xx_hal_gpio.c.obj
 .comment       0x000000000000005d       0x5e CMakeFiles/USB_Keyboard.elf.dir/Drivers/STM32H7xx_HAL_Driver/Src/stm32h7xx_hal_pcd.c.obj
 .comment       0x000000000000005d       0x5e CMakeFiles/USB_Keyboard.elf.dir/Drivers/STM32H7xx_HAL_Driver/Src/stm32h7xx_hal_pcd_ex.c.obj
 .comment       0x000000000000005d       0x5e CMakeFiles/USB_Keyboard.elf.dir/Drivers/STM32H7xx_HAL_Driver/Src/stm32h7xx_hal_pwr_ex.c.obj
 .comment       0x000000000000005d       0x5e CMakeFiles/USB_Keyboard.elf.dir/Drivers/STM32H7xx_HAL_Driver/Src/stm32h7xx_hal_rcc.c.obj
 .comment       0x000000000000005d       0x5e CMakeFiles/USB_Keyboard.elf.dir/Drivers/STM32H7xx_HAL_Driver/Src/stm32h7xx_hal_rcc_ex.c.obj
 .comment       0x000000000000005d       0x5e CMakeFiles/USB_Keyboard.elf.dir/Drivers/STM32H7xx_HAL_Driver/Src/stm32h7xx_hal_uart.c.obj
 .comment       0x000000000000005d       0x5e CMakeFiles/USB_Keyboard.elf.dir/Drivers/STM32H7xx_HAL_Driver/Src/stm32h7xx_hal_uart_ex.c.obj
 .comment       0x000000000000005d       0x5e CMakeFiles/USB_Keyboard.elf.dir/Drivers/STM32H7xx_HAL_Driver/Src/stm32h7xx_ll_usb.c.obj
 .comment       0x000000000000005d       0x5e CMakeFiles/USB_Keyboard.elf.dir/Middlewares/ST/STM32_USB_Device_Library/Class/HID/Src/usbd_hid.c.obj
 .comment       0x000000000000005d       0x5e CMakeFiles/USB_Keyboard.elf.dir/Middlewares/ST/STM32_USB_Device_Library/Core/Src/usbd_core.c.obj
 .comment       0x000000000000005d       0x5e CMakeFiles/USB_Keyboard.elf.dir/Middlewares/ST/STM32_USB_Device_Library/Core/Src/usbd_ctlreq.c.obj
 .comment       0x000000000000005d       0x5e CMakeFiles/USB_Keyboard.elf.dir/Middlewares/ST/STM32_USB_Device_Library/Core/Src/usbd_ioreq.c.obj
 .comment       0x000000000000005d       0x5e CMakeFiles/USB_Keyboard.elf.dir/USB_DEVICE/App/usb_device.c.obj
 .comment       0x000000000000005d       0x5e CMakeFiles/USB_Keyboard.elf.dir/USB_DEVICE/App/usbd_desc.c.obj
 .comment       0x000000000000005d       0x5e CMakeFiles/USB_Keyboard.elf.dir/USB_DEVICE/Target/usbd_conf.c.obj
 .comment       0x000000000000005d       0x5e /usr/local/arm/gcc-arm-10.3-2021.07-x86_64-arm-none-eabi/bin/../lib/gcc/arm-none-eabi/10.3.1/thumb/v7e-m+fp/hard/libgcc.a(_udivmoddi4.o)
 .comment       0x000000000000005d       0x5e /usr/local/arm/gcc-arm-10.3-2021.07-x86_64-arm-none-eabi/bin/../lib/gcc/arm-none-eabi/10.3.1/../../../../arm-none-eabi/lib/thumb/v7e-m+fp/hard/libg.a(lib_a-init.o)
 .comment       0x000000000000005d       0x5e /usr/local/arm/gcc-arm-10.3-2021.07-x86_64-arm-none-eabi/bin/../lib/gcc/arm-none-eabi/10.3.1/../../../../arm-none-eabi/lib/thumb/v7e-m+fp/hard/libg.a(lib_a-memset.o)
 .comment       0x000000000000005d       0x5e /usr/local/arm/gcc-arm-10.3-2021.07-x86_64-arm-none-eabi/bin/../lib/gcc/arm-none-eabi/10.3.1/thumb/v7e-m+fp/hard/crtend.o

.debug_info     0x0000000000000000    0x20926
 .debug_info    0x0000000000000000     0x1eaf CMakeFiles/USB_Keyboard.elf.dir/Core/Src/main.c.obj
 .debug_info    0x0000000000001eaf     0x11ab CMakeFiles/USB_Keyboard.elf.dir/Core/Src/stm32h7xx_hal_msp.c.obj
 .debug_info    0x000000000000305a      0xa36 CMakeFiles/USB_Keyboard.elf.dir/Core/Src/stm32h7xx_it.c.obj
 .debug_info    0x0000000000003a90      0xd30 CMakeFiles/USB_Keyboard.elf.dir/Core/Src/system_stm32h7xx.c.obj
 .debug_info    0x00000000000047c0       0x22 CMakeFiles/USB_Keyboard.elf.dir/Core/Startup/startup_stm32h743vitx.s.obj
 .debug_info    0x00000000000047e2     0x16a0 CMakeFiles/USB_Keyboard.elf.dir/Drivers/STM32H7xx_HAL_Driver/Src/stm32h7xx_hal.c.obj
 .debug_info    0x0000000000005e82     0x13ea CMakeFiles/USB_Keyboard.elf.dir/Drivers/STM32H7xx_HAL_Driver/Src/stm32h7xx_hal_cortex.c.obj
 .debug_info    0x000000000000726c      0xfeb CMakeFiles/USB_Keyboard.elf.dir/Drivers/STM32H7xx_HAL_Driver/Src/stm32h7xx_hal_dma.c.obj
 .debug_info    0x0000000000008257      0xd66 CMakeFiles/USB_Keyboard.elf.dir/Drivers/STM32H7xx_HAL_Driver/Src/stm32h7xx_hal_gpio.c.obj
 .debug_info    0x0000000000008fbd     0x1b98 CMakeFiles/USB_Keyboard.elf.dir/Drivers/STM32H7xx_HAL_Driver/Src/stm32h7xx_hal_pcd.c.obj
 .debug_info    0x000000000000ab55      0xa79 CMakeFiles/USB_Keyboard.elf.dir/Drivers/STM32H7xx_HAL_Driver/Src/stm32h7xx_hal_pcd_ex.c.obj
 .debug_info    0x000000000000b5ce     0x122e CMakeFiles/USB_Keyboard.elf.dir/Drivers/STM32H7xx_HAL_Driver/Src/stm32h7xx_hal_pwr_ex.c.obj
 .debug_info    0x000000000000c7fc     0x1230 CMakeFiles/USB_Keyboard.elf.dir/Drivers/STM32H7xx_HAL_Driver/Src/stm32h7xx_hal_rcc.c.obj
 .debug_info    0x000000000000da2c     0x1aca CMakeFiles/USB_Keyboard.elf.dir/Drivers/STM32H7xx_HAL_Driver/Src/stm32h7xx_hal_rcc_ex.c.obj
 .debug_info    0x000000000000f4f6     0x674e CMakeFiles/USB_Keyboard.elf.dir/Drivers/STM32H7xx_HAL_Driver/Src/stm32h7xx_hal_uart.c.obj
 .debug_info    0x0000000000015c44     0x124f CMakeFiles/USB_Keyboard.elf.dir/Drivers/STM32H7xx_HAL_Driver/Src/stm32h7xx_hal_uart_ex.c.obj
 .debug_info    0x0000000000016e93     0x204f CMakeFiles/USB_Keyboard.elf.dir/Drivers/STM32H7xx_HAL_Driver/Src/stm32h7xx_ll_usb.c.obj
 .debug_info    0x0000000000018ee2      0xc5b CMakeFiles/USB_Keyboard.elf.dir/Middlewares/ST/STM32_USB_Device_Library/Class/HID/Src/usbd_hid.c.obj
 .debug_info    0x0000000000019b3d     0x1231 CMakeFiles/USB_Keyboard.elf.dir/Middlewares/ST/STM32_USB_Device_Library/Core/Src/usbd_core.c.obj
 .debug_info    0x000000000001ad6e     0x13e5 CMakeFiles/USB_Keyboard.elf.dir/Middlewares/ST/STM32_USB_Device_Library/Core/Src/usbd_ctlreq.c.obj
 .debug_info    0x000000000001c153      0x8d8 CMakeFiles/USB_Keyboard.elf.dir/Middlewares/ST/STM32_USB_Device_Library/Core/Src/usbd_ioreq.c.obj
 .debug_info    0x000000000001ca2b      0x6af CMakeFiles/USB_Keyboard.elf.dir/USB_DEVICE/App/usb_device.c.obj
 .debug_info    0x000000000001d0da      0x604 CMakeFiles/USB_Keyboard.elf.dir/USB_DEVICE/App/usbd_desc.c.obj
 .debug_info    0x000000000001d6de     0x2894 CMakeFiles/USB_Keyboard.elf.dir/USB_DEVICE/Target/usbd_conf.c.obj
 .debug_info    0x000000000001ff72       0x26 /usr/local/arm/gcc-arm-10.3-2021.07-x86_64-arm-none-eabi/bin/../lib/gcc/arm-none-eabi/10.3.1/thumb/v7e-m+fp/hard/libgcc.a(_aeabi_uldivmod.o)
 .debug_info    0x000000000001ff98      0x717 /usr/local/arm/gcc-arm-10.3-2021.07-x86_64-arm-none-eabi/bin/../lib/gcc/arm-none-eabi/10.3.1/thumb/v7e-m+fp/hard/libgcc.a(_udivmoddi4.o)
 .debug_info    0x00000000000206af       0x26 /usr/local/arm/gcc-arm-10.3-2021.07-x86_64-arm-none-eabi/bin/../lib/gcc/arm-none-eabi/10.3.1/thumb/v7e-m+fp/hard/libgcc.a(_dvmd_tls.o)
 .debug_info    0x00000000000206d5      0x11a /usr/local/arm/gcc-arm-10.3-2021.07-x86_64-arm-none-eabi/bin/../lib/gcc/arm-none-eabi/10.3.1/../../../../arm-none-eabi/lib/thumb/v7e-m+fp/hard/libg.a(lib_a-init.o)
 .debug_info    0x00000000000207ef      0x137 /usr/local/arm/gcc-arm-10.3-2021.07-x86_64-arm-none-eabi/bin/../lib/gcc/arm-none-eabi/10.3.1/../../../../arm-none-eabi/lib/thumb/v7e-m+fp/hard/libg.a(lib_a-memset.o)

.debug_abbrev   0x0000000000000000     0x3bd9
 .debug_abbrev  0x0000000000000000      0x2ea CMakeFiles/USB_Keyboard.elf.dir/Core/Src/main.c.obj
 .debug_abbrev  0x00000000000002ea      0x1fa CMakeFiles/USB_Keyboard.elf.dir/Core/Src/stm32h7xx_hal_msp.c.obj
 .debug_abbrev  0x00000000000004e4      0x1b7 CMakeFiles/USB_Keyboard.elf.dir/Core/Src/stm32h7xx_it.c.obj
 .debug_abbrev  0x000000000000069b      0x14a CMakeFiles/USB_Keyboard.elf.dir/Core/Src/system_stm32h7xx.c.obj
 .debug_abbrev  0x00000000000007e5       0x12 CMakeFiles/USB_Keyboard.elf.dir/Core/Startup/startup_stm32h743vitx.s.obj
 .debug_abbrev  0x00000000000007f7      0x264 CMakeFiles/USB_Keyboard.elf.dir/Drivers/STM32H7xx_HAL_Driver/Src/stm32h7xx_hal.c.obj
 .debug_abbrev  0x0000000000000a5b      0x37d CMakeFiles/USB_Keyboard.elf.dir/Drivers/STM32H7xx_HAL_Driver/Src/stm32h7xx_hal_cortex.c.obj
 .debug_abbrev  0x0000000000000dd8      0x298 CMakeFiles/USB_Keyboard.elf.dir/Drivers/STM32H7xx_HAL_Driver/Src/stm32h7xx_hal_dma.c.obj
 .debug_abbrev  0x0000000000001070      0x239 CMakeFiles/USB_Keyboard.elf.dir/Drivers/STM32H7xx_HAL_Driver/Src/stm32h7xx_hal_gpio.c.obj
 .debug_abbrev  0x00000000000012a9      0x2b5 CMakeFiles/USB_Keyboard.elf.dir/Drivers/STM32H7xx_HAL_Driver/Src/stm32h7xx_hal_pcd.c.obj
 .debug_abbrev  0x000000000000155e      0x26d CMakeFiles/USB_Keyboard.elf.dir/Drivers/STM32H7xx_HAL_Driver/Src/stm32h7xx_hal_pcd_ex.c.obj
 .debug_abbrev  0x00000000000017cb      0x29b CMakeFiles/USB_Keyboard.elf.dir/Drivers/STM32H7xx_HAL_Driver/Src/stm32h7xx_hal_pwr_ex.c.obj
 .debug_abbrev  0x0000000000001a66      0x27f CMakeFiles/USB_Keyboard.elf.dir/Drivers/STM32H7xx_HAL_Driver/Src/stm32h7xx_hal_rcc.c.obj
 .debug_abbrev  0x0000000000001ce5      0x278 CMakeFiles/USB_Keyboard.elf.dir/Drivers/STM32H7xx_HAL_Driver/Src/stm32h7xx_hal_rcc_ex.c.obj
 .debug_abbrev  0x0000000000001f5d      0x337 CMakeFiles/USB_Keyboard.elf.dir/Drivers/STM32H7xx_HAL_Driver/Src/stm32h7xx_hal_uart.c.obj
 .debug_abbrev  0x0000000000002294      0x2e7 CMakeFiles/USB_Keyboard.elf.dir/Drivers/STM32H7xx_HAL_Driver/Src/stm32h7xx_hal_uart_ex.c.obj
 .debug_abbrev  0x000000000000257b      0x2cb CMakeFiles/USB_Keyboard.elf.dir/Drivers/STM32H7xx_HAL_Driver/Src/stm32h7xx_ll_usb.c.obj
 .debug_abbrev  0x0000000000002846      0x29e CMakeFiles/USB_Keyboard.elf.dir/Middlewares/ST/STM32_USB_Device_Library/Class/HID/Src/usbd_hid.c.obj
 .debug_abbrev  0x0000000000002ae4      0x2a8 CMakeFiles/USB_Keyboard.elf.dir/Middlewares/ST/STM32_USB_Device_Library/Core/Src/usbd_core.c.obj
 .debug_abbrev  0x0000000000002d8c      0x32e CMakeFiles/USB_Keyboard.elf.dir/Middlewares/ST/STM32_USB_Device_Library/Core/Src/usbd_ctlreq.c.obj
 .debug_abbrev  0x00000000000030ba      0x184 CMakeFiles/USB_Keyboard.elf.dir/Middlewares/ST/STM32_USB_Device_Library/Core/Src/usbd_ioreq.c.obj
 .debug_abbrev  0x000000000000323e      0x1a0 CMakeFiles/USB_Keyboard.elf.dir/USB_DEVICE/App/usb_device.c.obj
 .debug_abbrev  0x00000000000033de      0x20d CMakeFiles/USB_Keyboard.elf.dir/USB_DEVICE/App/usbd_desc.c.obj
 .debug_abbrev  0x00000000000035eb      0x2e3 CMakeFiles/USB_Keyboard.elf.dir/USB_DEVICE/Target/usbd_conf.c.obj
 .debug_abbrev  0x00000000000038ce       0x14 /usr/local/arm/gcc-arm-10.3-2021.07-x86_64-arm-none-eabi/bin/../lib/gcc/arm-none-eabi/10.3.1/thumb/v7e-m+fp/hard/libgcc.a(_aeabi_uldivmod.o)
 .debug_abbrev  0x00000000000038e2      0x163 /usr/local/arm/gcc-arm-10.3-2021.07-x86_64-arm-none-eabi/bin/../lib/gcc/arm-none-eabi/10.3.1/thumb/v7e-m+fp/hard/libgcc.a(_udivmoddi4.o)
 .debug_abbrev  0x0000000000003a45       0x14 /usr/local/arm/gcc-arm-10.3-2021.07-x86_64-arm-none-eabi/bin/../lib/gcc/arm-none-eabi/10.3.1/thumb/v7e-m+fp/hard/libgcc.a(_dvmd_tls.o)
 .debug_abbrev  0x0000000000003a59       0xcc /usr/local/arm/gcc-arm-10.3-2021.07-x86_64-arm-none-eabi/bin/../lib/gcc/arm-none-eabi/10.3.1/../../../../arm-none-eabi/lib/thumb/v7e-m+fp/hard/libg.a(lib_a-init.o)
 .debug_abbrev  0x0000000000003b25       0xb4 /usr/local/arm/gcc-arm-10.3-2021.07-x86_64-arm-none-eabi/bin/../lib/gcc/arm-none-eabi/10.3.1/../../../../arm-none-eabi/lib/thumb/v7e-m+fp/hard/libg.a(lib_a-memset.o)

.debug_aranges  0x0000000000000000     0x11c8
 .debug_aranges
                0x0000000000000000       0x48 CMakeFiles/USB_Keyboard.elf.dir/Core/Src/main.c.obj
 .debug_aranges
                0x0000000000000048       0x30 CMakeFiles/USB_Keyboard.elf.dir/Core/Src/stm32h7xx_hal_msp.c.obj
 .debug_aranges
                0x0000000000000078       0x70 CMakeFiles/USB_Keyboard.elf.dir/Core/Src/stm32h7xx_it.c.obj
 .debug_aranges
                0x00000000000000e8       0x28 CMakeFiles/USB_Keyboard.elf.dir/Core/Src/system_stm32h7xx.c.obj
 .debug_aranges
                0x0000000000000110       0x28 CMakeFiles/USB_Keyboard.elf.dir/Core/Startup/startup_stm32h743vitx.s.obj
 .debug_aranges
                0x0000000000000138      0x198 CMakeFiles/USB_Keyboard.elf.dir/Drivers/STM32H7xx_HAL_Driver/Src/stm32h7xx_hal.c.obj
 .debug_aranges
                0x00000000000002d0       0xb0 CMakeFiles/USB_Keyboard.elf.dir/Drivers/STM32H7xx_HAL_Driver/Src/stm32h7xx_hal_cortex.c.obj
 .debug_aranges
                0x0000000000000380       0xa0 CMakeFiles/USB_Keyboard.elf.dir/Drivers/STM32H7xx_HAL_Driver/Src/stm32h7xx_hal_dma.c.obj
 .debug_aranges
                0x0000000000000420       0x58 CMakeFiles/USB_Keyboard.elf.dir/Drivers/STM32H7xx_HAL_Driver/Src/stm32h7xx_hal_gpio.c.obj
 .debug_aranges
                0x0000000000000478      0x140 CMakeFiles/USB_Keyboard.elf.dir/Drivers/STM32H7xx_HAL_Driver/Src/stm32h7xx_hal_pcd.c.obj
 .debug_aranges
                0x00000000000005b8       0x60 CMakeFiles/USB_Keyboard.elf.dir/Drivers/STM32H7xx_HAL_Driver/Src/stm32h7xx_hal_pcd_ex.c.obj
 .debug_aranges
                0x0000000000000618      0x158 CMakeFiles/USB_Keyboard.elf.dir/Drivers/STM32H7xx_HAL_Driver/Src/stm32h7xx_hal_pwr_ex.c.obj
 .debug_aranges
                0x0000000000000770       0x88 CMakeFiles/USB_Keyboard.elf.dir/Drivers/STM32H7xx_HAL_Driver/Src/stm32h7xx_hal_rcc.c.obj
 .debug_aranges
                0x00000000000007f8       0xf8 CMakeFiles/USB_Keyboard.elf.dir/Drivers/STM32H7xx_HAL_Driver/Src/stm32h7xx_hal_rcc_ex.c.obj
 .debug_aranges
                0x00000000000008f0      0x248 CMakeFiles/USB_Keyboard.elf.dir/Drivers/STM32H7xx_HAL_Driver/Src/stm32h7xx_hal_uart.c.obj
 .debug_aranges
                0x0000000000000b38       0xa8 CMakeFiles/USB_Keyboard.elf.dir/Drivers/STM32H7xx_HAL_Driver/Src/stm32h7xx_hal_uart_ex.c.obj
 .debug_aranges
                0x0000000000000be0      0x1a0 CMakeFiles/USB_Keyboard.elf.dir/Drivers/STM32H7xx_HAL_Driver/Src/stm32h7xx_ll_usb.c.obj
 .debug_aranges
                0x0000000000000d80       0x68 CMakeFiles/USB_Keyboard.elf.dir/Middlewares/ST/STM32_USB_Device_Library/Class/HID/Src/usbd_hid.c.obj
 .debug_aranges
                0x0000000000000de8       0xd8 CMakeFiles/USB_Keyboard.elf.dir/Middlewares/ST/STM32_USB_Device_Library/Core/Src/usbd_core.c.obj
 .debug_aranges
                0x0000000000000ec0       0x88 CMakeFiles/USB_Keyboard.elf.dir/Middlewares/ST/STM32_USB_Device_Library/Core/Src/usbd_ctlreq.c.obj
 .debug_aranges
                0x0000000000000f48       0x50 CMakeFiles/USB_Keyboard.elf.dir/Middlewares/ST/STM32_USB_Device_Library/Core/Src/usbd_ioreq.c.obj
 .debug_aranges
                0x0000000000000f98       0x20 CMakeFiles/USB_Keyboard.elf.dir/USB_DEVICE/App/usb_device.c.obj
 .debug_aranges
                0x0000000000000fb8       0x60 CMakeFiles/USB_Keyboard.elf.dir/USB_DEVICE/App/usbd_desc.c.obj
 .debug_aranges
                0x0000000000001018      0x110 CMakeFiles/USB_Keyboard.elf.dir/USB_DEVICE/Target/usbd_conf.c.obj
 .debug_aranges
                0x0000000000001128       0x20 /usr/local/arm/gcc-arm-10.3-2021.07-x86_64-arm-none-eabi/bin/../lib/gcc/arm-none-eabi/10.3.1/thumb/v7e-m+fp/hard/libgcc.a(_aeabi_uldivmod.o)
 .debug_aranges
                0x0000000000001148       0x20 /usr/local/arm/gcc-arm-10.3-2021.07-x86_64-arm-none-eabi/bin/../lib/gcc/arm-none-eabi/10.3.1/thumb/v7e-m+fp/hard/libgcc.a(_udivmoddi4.o)
 .debug_aranges
                0x0000000000001168       0x20 /usr/local/arm/gcc-arm-10.3-2021.07-x86_64-arm-none-eabi/bin/../lib/gcc/arm-none-eabi/10.3.1/thumb/v7e-m+fp/hard/libgcc.a(_dvmd_tls.o)
 .debug_aranges